1-0-idle {"mae":0.3115083397693861,"max":48,"over8":0.007459046380228446}
1-1-idleBlink {"mae":0.3255016733737111,"max":42,"over8":0.007831659959622237}
1-2-walkRightFromIdle {"mae":0.31112217660528707,"max":48,"over8":0.007469208568757367}
1-3-walkRightLoop {"mae":0.35344430443206915,"max":55,"over8":0.009799737138056718}
1-4-turnRightToLeft {"mae":0.33898012275923745,"max":50,"over8":0.00912225790279528}
1-5-walkLeftLoop {"mae":0.3699883473571535,"max":51,"over8":0.011147920816226982}
1-6-walkLeftToIdle {"mae":0.3304574339796485,"max":72,"over8":0.009745538799235804}
1-7-idle {"mae":0.3225444765117949,"max":41,"over8":0.007726650678156715}
1-8-walkLeftFromIdle {"mae":0.33964743980596995,"max":55,"over8":0.008797067869869788}
1-9-turnLeftToRight {"mae":0.3444677045648551,"max":49,"over8":0.009765863176293646}
1-10-walkRightToIdle {"mae":0.33271005243689283,"max":61,"over8":0.009071446960150671}
2-0-idle {"mae":0.18580460821375824,"max":38,"over8":0.002612529300976925}
2-1-idleBlink {"mae":0.2124811999512215,"max":36,"over8":0.0037261357939379156}
2-2-walkRightFromIdle {"mae":0.18451909136484967,"max":40,"over8":0.0025896643767868515}
2-3-walkRightLoop {"mae":0.2162437502540547,"max":57,"over8":0.004235092069428072}
2-4-turnRightToLeft {"mae":0.18658879042857338,"max":49,"over8":0.0033772339877782744}
2-5-walkLeftLoop {"mae":0.21479225099250707,"max":43,"over8":0.0050040310014498055}
2-6-walkLeftToIdle {"mae":0.17052406406243648,"max":31,"over8":0.0035042613443897943}
2-7-idle {"mae":0.21032850968117828,"max":35,"over8":0.0036465319837946965}
2-8-walkLeftFromIdle {"mae":0.20182191103342684,"max":45,"over8":0.00334674742219151}
2-9-turnLeftToRight {"mae":0.20042969120496457,"max":36,"over8":0.004054713223039714}
2-10-walkRightToIdle {"mae":0.18900654444941262,"max":33,"over8":0.0036084237768112407}
