LVL-0004 1 base {"parity":{"mae":0.006913591650117766,"over8":0,"max":1},"restore":{"mae":0,"over8":0,"max":0}}
LVL-0004 1 mist {"parity":{"mae":0.20623277759817732,"over8":0,"max":3},"restore":{"mae":0,"over8":0,"max":0}}
LVL-0004 1 backgroundAtmosphere {"parity":{"mae":0.006804291937991656,"over8":0,"max":1},"restore":{"mae":0,"over8":0,"max":0}}
LVL-0004 1 worldAtmosphere {"parity":{"mae":0.006804291937991656,"over8":0,"max":1},"restore":{"mae":0,"over8":0,"max":0}}
LVL-0004 1 worldLight {"parity":{"mae":0.20959258917163134,"over8":0,"max":4},"restore":{"mae":0,"over8":0,"max":0}}
LVL-0004 1 foregroundAtmosphere {"parity":{"mae":0.011879416247171292,"over8":0,"max":2},"restore":{"mae":0,"over8":0,"max":0}}
LVL-0004 1 actor {"parity":{"mae":0.06565218060622854,"over8":0.002037823858125895,"max":53},"restore":{"mae":0.000004233439554180329,"over8":0,"max":1}}
LVL-0004 1 shadow {"parity":{"mae":0.06661701996644037,"over8":0.0020374389999846055,"max":53},"restore":{"mae":0,"over8":0,"max":0}}
LVL-0004 1 particles {"parity":{"mae":0.006901276189596514,"over8":0,"max":1},"restore":{"mae":0,"over8":0,"max":0}}
LVL-0004 1 combined {"parity":{"mae":0.4121441986483782,"over8":0.0020405178651149184,"max":52},"restore":{"mae":0,"over8":0,"max":0}}
LVL-0001 1 base {"parity":{"mae":0.011375252082082545,"over8":0,"max":1},"restore":{"mae":0,"over8":0,"max":0}}
LVL-0001 1 mist {"parity":{"mae":0.2162194615064887,"over8":0,"max":3},"restore":{"mae":0,"over8":0,"max":0}}
LVL-0001 1 backgroundAtmosphere {"parity":{"mae":0.011313674779476285,"over8":0,"max":1},"restore":{"mae":0,"over8":0,"max":0}}
LVL-0001 1 worldAtmosphere {"parity":{"mae":0.011313674779476285,"over8":0,"max":1},"restore":{"mae":0,"over8":0,"max":0}}
LVL-0001 1 worldLight {"parity":{"mae":0.14751227697470712,"over8":0.000002309148847734725,"max":10},"restore":{"mae":0,"over8":0,"max":0}}
LVL-0001 1 foregroundAtmosphere {"parity":{"mae":0.01619675487615265,"over8":0,"max":2},"restore":{"mae":0,"over8":0,"max":0}}
LVL-0001 1 actor {"parity":{"mae":0.07480641635493157,"over8":0.002389199341122862,"max":83},"restore":{"mae":0,"over8":0,"max":0}}
LVL-0001 1 shadow {"parity":{"mae":0.07498306624178327,"over8":0.002389199341122862,"max":83},"restore":{"mae":0,"over8":0,"max":0}}
LVL-0001 1 particles {"parity":{"mae":0.011537277359565265,"over8":0,"max":1},"restore":{"mae":0,"over8":0,"max":0}}
LVL-0001 1 combined {"parity":{"mae":0.37537677612032205,"over8":0.0023584106898197326,"max":73},"restore":{"mae":0,"over8":0,"max":0}}
LVL-0004 2 base {"parity":{"mae":0.007332702165981619,"over8":0,"max":1},"restore":{"mae":0,"over8":0,"max":0}}
LVL-0004 2 mist {"parity":{"mae":0.20656385181422127,"over8":0,"max":3},"restore":{"mae":0,"over8":0,"max":0}}
LVL-0004 2 backgroundAtmosphere {"parity":{"mae":0.0071715428193168,"over8":0,"max":1},"restore":{"mae":0.08480945673424775,"over8":0.0013021675210517403,"max":214}}
LVL-0004 2 worldAtmosphere {"parity":{"mae":0.0071715428193168,"over8":0,"max":1},"restore":{"mae":0,"over8":0,"max":0}}
LVL-0004 2 worldLight {"parity":{"mae":0.29155226758416847,"over8":0.001295528718114503,"max":210},"restore":{"mae":0.08146657891901045,"over8":0.0012977416524269155,"max":210}}
LVL-0004 2 foregroundAtmosphere {"parity":{"mae":0.012173544081651503,"over8":0,"max":2},"restore":{"mae":0,"over8":0,"max":0}}
LVL-0004 2 actor {"parity":{"mae":0.08072110869933342,"over8":0.0027305685124463124,"max":88},"restore":{"mae":0,"over8":0,"max":0}}
LVL-0004 2 shadow {"parity":{"mae":0.08167209316645885,"over8":0.0027305685124463124,"max":88},"restore":{"mae":0,"over8":0,"max":0}}
LVL-0004 2 particles {"parity":{"mae":0.007272760510475838,"over8":0,"max":2},"restore":{"mae":0,"over8":0,"max":0}}
LVL-0004 2 combined {"parity":{"mae":0.42781138872211705,"over8":0.002729798796163734,"max":88},"restore":{"mae":0,"over8":0,"max":0}}
LVL-0001 2 base {"parity":{"mae":0.01144722055450361,"over8":0,"max":1},"restore":{"mae":0,"over8":0,"max":0}}
LVL-0001 2 mist {"parity":{"mae":0.21639486060438123,"over8":0,"max":3},"restore":{"mae":0,"over8":0,"max":0}}
LVL-0001 2 backgroundAtmosphere {"parity":{"mae":0.011322911374867224,"over8":0,"max":1},"restore":{"mae":0,"over8":0,"max":0}}
LVL-0001 2 worldAtmosphere {"parity":{"mae":0.011322911374867224,"over8":0,"max":1},"restore":{"mae":0,"over8":0,"max":0}}
LVL-0001 2 worldLight {"parity":{"mae":0.14696520112686465,"over8":0.000001347003494511923,"max":10},"restore":{"mae":0,"over8":0,"max":0}}
LVL-0001 2 foregroundAtmosphere {"parity":{"mae":0.016264008836342925,"over8":0,"max":2},"restore":{"mae":0,"over8":0,"max":0}}
LVL-0001 2 actor {"parity":{"mae":0.09614651164580736,"over8":0.003143521298049539,"max":126},"restore":{"mae":0,"over8":0,"max":0}}
LVL-0001 2 shadow {"parity":{"mae":0.09631228929016765,"over8":0.0031436175125848613,"max":126},"restore":{"mae":0,"over8":0,"max":0}}
LVL-0001 2 particles {"parity":{"mae":0.011554884619529242,"over8":0,"max":2},"restore":{"mae":0,"over8":0,"max":0}}
LVL-0001 2 combined {"parity":{"mae":0.39723373589494915,"over8":0.0031242783909850827,"max":118},"restore":{"mae":0,"over8":0,"max":0}}
