LVL-0004 1 base {"parity":{"mae":0.010802583167844333,"over8":0,"max":1},"restore":{"mae":0,"over8":0,"max":0}}
LVL-0004 1 mist {"parity":{"mae":2.0024619375298265,"over8":0.07551224618605581,"max":52},"restore":{"mae":0,"over8":0,"max":0}}
LVL-0004 1 backgroundAtmosphere {"parity":{"mae":0.010700980618544005,"over8":0,"max":1},"restore":{"mae":0,"over8":0,"max":0}}
LVL-0004 1 worldAtmosphere {"parity":{"mae":0.010700980618544005,"over8":0,"max":1},"restore":{"mae":0,"over8":0,"max":0}}
LVL-0004 1 worldLight {"parity":{"mae":8.317265505934513,"over8":0.3452023584106898,"max":70},"restore":{"mae":0,"over8":0,"max":0}}
LVL-0004 1 foregroundAtmosphere {"parity":{"mae":0.10455364152773287,"over8":0.0041518496282270355,"max":43},"restore":{"mae":0,"over8":0,"max":0}}
LVL-0004 1 actor {"parity":{"mae":0.11411621176434367,"over8":0.0035395403254360443,"max":80},"restore":{"mae":0,"over8":0,"max":0}}
LVL-0004 1 shadow {"parity":{"mae":0.11484320879323881,"over8":0.003535691744023153,"max":80},"restore":{"mae":0.000004233439554180329,"over8":0,"max":1}}
LVL-0004 1 particles {"parity":{"mae":0.016054742222016964,"over8":0.00018858048923166921,"max":63},"restore":{"mae":0,"over8":0,"max":0}}
LVL-0004 1 combined {"parity":{"mae":10.293935405409567,"over8":0.446306131559907,"max":80},"restore":{"mae":0,"over8":0,"max":0}}
LVL-0001 1 base {"parity":{"mae":0.01300974460813744,"over8":0,"max":1},"restore":{"mae":0,"over8":0,"max":0}}
LVL-0001 1 mist {"parity":{"mae":2.5295024553949412,"over8":0.09388498899305715,"max":61},"restore":{"mae":0,"over8":0,"max":0}}
LVL-0001 1 backgroundAtmosphere {"parity":{"mae":0.012962791914900167,"over8":0,"max":1},"restore":{"mae":0,"over8":0,"max":0}}
LVL-0001 1 worldAtmosphere {"parity":{"mae":0.012962791914900167,"over8":0,"max":1},"restore":{"mae":0,"over8":0,"max":0}}
LVL-0001 1 worldLight {"parity":{"mae":3.812185378469496,"over8":0.1586847088163303,"max":70},"restore":{"mae":0.000012700318662540988,"over8":0,"max":1}}
LVL-0001 1 foregroundAtmosphere {"parity":{"mae":0.23221070213519296,"over8":0.00954255761326375,"max":49},"restore":{"mae":0,"over8":0,"max":0}}
LVL-0001 1 actor {"parity":{"mae":0.11811026955464216,"over8":0.0035476223464031157,"max":111},"restore":{"mae":0,"over8":0,"max":0}}
LVL-0001 1 shadow {"parity":{"mae":0.11822765128773534,"over8":0.0035472374882618268,"max":111},"restore":{"mae":0,"over8":0,"max":0}}
LVL-0001 1 particles {"parity":{"mae":0.025698517526439753,"over8":0.000506473313936483,"max":57},"restore":{"mae":0,"over8":0,"max":0}}
LVL-0001 1 combined {"parity":{"mae":6.49933419541557,"over8":0.2740151480164411,"max":111},"restore":{"mae":0,"over8":0,"max":0}}
LVL-0004 2 base {"parity":{"mae":0.011082375036561523,"over8":0,"max":1},"restore":{"mae":0,"over8":0,"max":0}}
LVL-0004 2 mist {"parity":{"mae":2.001680483073939,"over8":0.07551715312735725,"max":55},"restore":{"mae":0.04604211887498268,"over8":0,"max":3}}
LVL-0004 2 backgroundAtmosphere {"parity":{"mae":0.010947578472575008,"over8":0,"max":1},"restore":{"mae":0,"over8":0,"max":0}}
LVL-0004 2 worldAtmosphere {"parity":{"mae":0.010947578472575008,"over8":0,"max":1},"restore":{"mae":0,"over8":0,"max":0}}
LVL-0004 2 worldLight {"parity":{"mae":8.315004271925368,"over8":0.34497067380963375,"max":71},"restore":{"mae":0,"over8":0,"max":0}}
LVL-0004 2 foregroundAtmosphere {"parity":{"mae":0.10461993334256993,"over8":0.004151945842762358,"max":40},"restore":{"mae":0,"over8":0,"max":0}}
LVL-0004 2 actor {"parity":{"mae":0.10143917701935067,"over8":0.00291443448944719,"max":88},"restore":{"mae":0,"over8":0,"max":0}}
LVL-0004 2 shadow {"parity":{"mae":0.10212662987422835,"over8":0.0029087578318631752,"max":88},"restore":{"mae":0,"over8":0,"max":0}}
LVL-0004 2 particles {"parity":{"mae":0.01629508613125202,"over8":0.00018983127819085884,"max":63},"restore":{"mae":0,"over8":0,"max":0}}
LVL-0004 2 combined {"parity":{"mae":10.27828110808356,"over8":0.44543192629196876,"max":88},"restore":{"mae":0,"over8":0,"max":0}}
LVL-0001 2 base {"parity":{"mae":0.013126645268554012,"over8":0,"max":1},"restore":{"mae":0,"over8":0,"max":0}}
LVL-0001 2 mist {"parity":{"mae":2.5289698117273973,"over8":0.09395262781138872,"max":59},"restore":{"mae":0,"over8":0,"max":0}}
LVL-0001 2 backgroundAtmosphere {"parity":{"mae":0.01303966732862267,"over8":0,"max":1},"restore":{"mae":0,"over8":0,"max":0}}
LVL-0001 2 worldAtmosphere {"parity":{"mae":0.01303966732862267,"over8":0,"max":1},"restore":{"mae":0,"over8":0,"max":0}}
LVL-0001 2 worldLight {"parity":{"mae":3.8143877291830233,"over8":0.15873233501131484,"max":70},"restore":{"mae":0,"over8":0,"max":0}}
LVL-0001 2 foregroundAtmosphere {"parity":{"mae":0.23246846087532136,"over8":0.009518119121291892,"max":51},"restore":{"mae":0,"over8":0,"max":0}}
LVL-0001 2 actor {"parity":{"mae":0.11934220046490863,"over8":0.0034801759571421974,"max":127},"restore":{"mae":0,"over8":0,"max":0}}
LVL-0001 2 shadow {"parity":{"mae":0.11945015317354023,"over8":0.003478636524577041,"max":127},"restore":{"mae":0,"over8":0,"max":0}}
LVL-0001 2 particles {"parity":{"mae":0.025733635831832385,"over8":0.0004995458673932788,"max":60},"restore":{"mae":0,"over8":0,"max":0}}
LVL-0001 2 combined {"parity":{"mae":6.5020231030342215,"over8":0.27406258178235504,"max":118},"restore":{"mae":0,"over8":0,"max":0}}
