LVL-0004 1 base {"parity":{"mae":0.006913591650117766,"over8":0,"max":1},"restore":{"mae":0,"over8":0,"max":0}}
LVL-0004 1 mist {"parity":{"mae":0.20623277759817732,"over8":0,"max":3},"restore":{"mae":0,"over8":0,"max":0}}
LVL-0004 1 backgroundAtmosphere {"parity":{"mae":0.006804291937991656,"over8":0,"max":1},"restore":{"mae":0,"over8":0,"max":0}}
LVL-0004 1 worldAtmosphere {"parity":{"mae":0.006804291937991656,"over8":0,"max":1},"restore":{"mae":0,"over8":0,"max":0}}
LVL-0004 1 worldLight {"parity":{"mae":0.20959143459720747,"over8":0,"max":4},"restore":{"mae":0,"over8":0,"max":0}}
LVL-0004 1 foregroundAtmosphere {"parity":{"mae":0.011879416247171292,"over8":0,"max":2},"restore":{"mae":0,"over8":0,"max":0}}
LVL-0004 1 actor {"parity":{"mae":0.10846610939207808,"over8":0.0034929724903400607,"max":80},"restore":{"mae":0,"over8":0,"max":0}}
LVL-0004 1 shadow {"parity":{"mae":0.10922158592342862,"over8":0.003490278483351037,"max":80},"restore":{"mae":0,"over8":0,"max":0}}
LVL-0004 1 particles {"parity":{"mae":0.006901276189596514,"over8":0,"max":1},"restore":{"mae":0,"over8":0,"max":0}}
LVL-0004 1 combined {"parity":{"mae":0.4559583737434382,"over8":0.0034829661786665435,"max":80},"restore":{"mae":0,"over8":0,"max":0}}
LVL-0001 1 base {"parity":{"mae":0.011375252082082545,"over8":0,"max":1},"restore":{"mae":0,"over8":0,"max":0}}
LVL-0001 1 mist {"parity":{"mae":0.2162194615064887,"over8":0,"max":3},"restore":{"mae":0,"over8":0,"max":0}}
LVL-0001 1 backgroundAtmosphere {"parity":{"mae":0.011313674779476285,"over8":0,"max":1},"restore":{"mae":0,"over8":0,"max":0}}
LVL-0001 1 worldAtmosphere {"parity":{"mae":0.011313674779476285,"over8":0,"max":1},"restore":{"mae":0,"over8":0,"max":0}}
LVL-0001 1 worldLight {"parity":{"mae":0.14751227697470712,"over8":0.000002309148847734725,"max":10},"restore":{"mae":0,"over8":0,"max":0}}
LVL-0001 1 foregroundAtmosphere {"parity":{"mae":0.016194445727304916,"over8":0,"max":2},"restore":{"mae":0.000013085176803830109,"over8":0,"max":1}}
LVL-0001 1 actor {"parity":{"mae":0.11550208593112579,"over8":0.003526455148632214,"max":111},"restore":{"mae":0,"over8":0,"max":0}}
LVL-0001 1 shadow {"parity":{"mae":0.11562293138749057,"over8":0.003525685432349636,"max":111},"restore":{"mae":0,"over8":0,"max":0}}
LVL-0001 1 particles {"parity":{"mae":0.011537277359565265,"over8":0,"max":1},"restore":{"mae":0,"over8":0,"max":0}}
LVL-0001 1 combined {"parity":{"mae":0.42018350036176666,"over8":0.0038597422989885928,"max":111},"restore":{"mae":0,"over8":0,"max":0}}
LVL-0004 2 base {"parity":{"mae":0.007332702165981619,"over8":0,"max":1},"restore":{"mae":0,"over8":0,"max":0}}
LVL-0004 2 mist {"parity":{"mae":0.20656385181422127,"over8":0,"max":3},"restore":{"mae":0,"over8":0,"max":0}}
LVL-0004 2 backgroundAtmosphere {"parity":{"mae":0.0071715428193168,"over8":0,"max":1},"restore":{"mae":0,"over8":0,"max":0}}
LVL-0004 2 worldAtmosphere {"parity":{"mae":0.0071715428193168,"over8":0,"max":1},"restore":{"mae":0,"over8":0,"max":0}}
LVL-0004 2 worldLight {"parity":{"mae":0.21067384811958312,"over8":0,"max":6},"restore":{"mae":0,"over8":0,"max":0}}
LVL-0004 2 foregroundAtmosphere {"parity":{"mae":0.012173640296186826,"over8":0,"max":2},"restore":{"mae":0,"over8":0,"max":0}}
LVL-0004 2 actor {"parity":{"mae":0.09643900383318708,"over8":0.002864787789220893,"max":86},"restore":{"mae":0.00869144383380286,"over8":9.62145353222802e-8,"max":9}}
LVL-0004 2 shadow {"parity":{"mae":0.18153575716990716,"over8":0.0041672439538786,"max":214},"restore":{"mae":0.08438832571314214,"over8":0.0013004356594159393,"max":214}}
LVL-0004 2 particles {"parity":{"mae":0.007272760510475838,"over8":0,"max":2},"restore":{"mae":0.08438832571314214,"over8":0.0013004356594159393,"max":214}}
LVL-0004 2 combined {"parity":{"mae":0.44461468002894133,"over8":0.002867866654351206,"max":88},"restore":{"mae":0,"over8":0,"max":0}}
LVL-0001 2 base {"parity":{"mae":0.01144722055450361,"over8":0,"max":1},"restore":{"mae":0,"over8":0,"max":0}}
LVL-0001 2 mist {"parity":{"mae":0.21639486060438123,"over8":0,"max":3},"restore":{"mae":0,"over8":0,"max":0}}
LVL-0001 2 backgroundAtmosphere {"parity":{"mae":0.011322911374867224,"over8":0,"max":1},"restore":{"mae":0,"over8":0,"max":0}}
LVL-0001 2 worldAtmosphere {"parity":{"mae":0.011322911374867224,"over8":0,"max":1},"restore":{"mae":0,"over8":0,"max":0}}
LVL-0001 2 worldLight {"parity":{"mae":0.1469698194245601,"over8":0.000001347003494511923,"max":10},"restore":{"mae":0,"over8":0,"max":0}}
LVL-0001 2 foregroundAtmosphere {"parity":{"mae":0.016264008836342925,"over8":0,"max":2},"restore":{"mae":0,"over8":0,"max":0}}
LVL-0001 2 actor {"parity":{"mae":0.1168615973152296,"over8":0.0034654551332378887,"max":124},"restore":{"mae":0,"over8":0,"max":0}}
LVL-0001 2 shadow {"parity":{"mae":0.11697234024538555,"over8":0.003463915700672732,"max":124},"restore":{"mae":0,"over8":0,"max":0}}
LVL-0001 2 particles {"parity":{"mae":0.011554884619529242,"over8":0,"max":2},"restore":{"mae":0.06878030757862652,"over8":0.0013303583799011685,"max":215}}
LVL-0001 2 combined {"parity":{"mae":0.42206574531627644,"over8":0.003817215474376145,"max":118},"restore":{"mae":0,"over8":0,"max":0}}
