
Running 114 tests using 1 worker

(node:30608) Warning: The 'NO_COLOR' env is ignored due to the 'FORCE_COLOR' env being set.
(Use `node --trace-warnings ...` to show where the warning was created)
(node:30608) Warning: The 'NO_COLOR' env is ignored due to the 'FORCE_COLOR' env being set.
(Use `node --trace-warnings ...` to show where the warning was created)
  ok   1 [desktop-chromium] › tests\ambient-animals.spec.js:211:3 › ambient animals › preloads both frames and renders them in one identical shared transform (1.3s)
  ok   2 [desktop-chromium] › tests\ambient-animals.spec.js:244:3 › ambient animals › editor drag, scale and softness update both frames identically in the live preview (716ms)
  ok   3 [desktop-chromium] › tests\ambient-animals.spec.js:274:3 › ambient animals › softness and soundVolume persist in the authored animal schema (562ms)
  ok   4 [desktop-chromium] › tests\ambient-animals.spec.js:287:3 › ambient animals › blink returns open without movement and overlapping sequences are rejected (726ms)
  ok   5 [desktop-chromium] › tests\ambient-animals.spec.js:320:3 › ambient animals › animal audio cannot overlap or restart during cooldown (585ms)
  ok   6 [desktop-chromium] › tests\ambient-animals.spec.js:354:3 › ambient animals › runtime and editor preview sound use the stored selected animal volume without changing global audio (666ms)
  ok   7 [desktop-chromium] › tests\ambient-animals.spec.js:401:3 › ambient animals › animal click is fully consumed before walking or challenge handling (626ms)
  ok   8 [desktop-chromium] › tests\ambient-animals.spec.js:429:3 › ambient animals › LVL-0004 animal remains inside the viewport on desktop and iPad (569ms)
  ok   9 [desktop-chromium] › tests\ambient-animals.spec.js:455:3 › LVL-0001 owl › first and later blinks keep decoded owl and seagull DOM and layout stable (2.2s)
  ok  10 [desktop-chromium] › tests\ambient-animals.spec.js:505:3 › LVL-0001 owl › renders on the left rune stone with identical blink-frame geometry (1.2s)
  ok  11 [desktop-chromium] › tests\ambient-animals.spec.js:541:3 › LVL-0001 owl › editor preserves shared position, scale and visual/audio settings (1.2s)
  ok  12 [desktop-chromium] › tests\ambient-animals.spec.js:576:3 › LVL-0001 owl › click plays owl audio once and creates no movement or gameplay evidence (1.2s)
  ok  13 [desktop-chromium] › tests\ambient-animals.spec.js:630:3 › LVL-0001 owl › renders within the LVL-0001 viewport on desktop and iPad (1.2s)
  ok  14 [desktop-chromium] › tests\ambient-animals.spec.js:651:3 › ambient animal mirror and additions › real drag persists changed x/y through Apply and reload (1.6s)
  ok  15 [desktop-chromium] › tests\ambient-animals.spec.js:699:3 › ambient animal mirror and additions › real checkbox click updates draft, Apply and reload (1.4s)
  ok  16 [desktop-chromium] › tests\ambient-animals.spec.js:773:3 › ambient animal mirror and additions › mirror toggle persists and previews without moving the bottom-center anchor (644ms)
  ok  17 [desktop-chromium] › tests\ambient-animals.spec.js:819:3 › ambient animal mirror and additions › renders two independent seagulls using the same existing assets (712ms)
  ok  18 [desktop-chromium] › tests\ambient-animals.spec.js:862:3 › ambient animal mirror and additions › raven renders, blinks, plays once and consumes gameplay interaction (1.8s)
  ok  19 [desktop-chromium] › tests\ambient-animals.spec.js:937:3 › ambient animal mirror and additions › second seagull and raven render within desktop and iPad viewports (1.9s)
  ok  20 [desktop-chromium] › tests\ambient-flybys.spec.js:19:3 › ambient flyby runtime › Italy swift uses a smooth outside-to-outside path with stable flap geometry (634ms)
  ok  21 [desktop-chromium] › tests\ambient-flybys.spec.js:77:3 › ambient flyby runtime › distance integration is frame-rate independent and cleanup removes RAF/audio (453ms)
  ok  22 [desktop-chromium] › tests\ambient-flybys.spec.js:105:3 › ambient flyby runtime › organic motion profile keeps smooth compatibility while changing path samples (442ms)
  ok  23 [desktop-chromium] › tests\ambient-flybys.spec.js:150:3 › ambient flyby runtime › reduced motion suppresses automatic scheduling (433ms)
  ok  24 [desktop-chromium] › tests\ambient-flybys.spec.js:162:3 › ambient editor usability › panel scrolls, sections collapse, and flight points remain editable off-screen (754ms)
  ok  25 [desktop-chromium] › tests\ambient-flybys.spec.js:205:3 › ambient editor usability › editor exposes and persists organic flyby settings (1.4s)
  ok  26 [desktop-chromium] › tests\ambient-flybys.spec.js:273:3 › guide blink fallback › missing optional Minnie and Moose blink files keep normal portraits and purr controls (451ms)
  ok  27 [desktop-chromium] › tests\asset-readiness.spec.js:12:3 › Atlas critical image readiness › collects and deduplicates active-level critical imagery (156ms)
  ok  28 [desktop-chromium] › tests\asset-readiness.spec.js:38:3 › Atlas critical image readiness › deduplicates decode work, holds ready images, releases level scope and fails critical images (361ms)
  ok  29 [desktop-chromium] › tests\asset-readiness.spec.js:91:3 › Atlas critical image readiness › superseded asynchronous preparation cannot become current and is releasable (137ms)
  ok  30 [desktop-chromium] › tests\asset-readiness.spec.js:113:3 › Atlas critical image readiness › real level reaches scene only after Sven and level imagery are decoded (769ms)
  ok  31 [desktop-chromium] › tests\asset-readiness.spec.js:159:3 › Atlas critical image readiness › rapid first-use transitions never expose a blank or unrenderable Sven frame (2.7s)
  ok  32 [desktop-chromium] › tests\asset-readiness.spec.js:195:3 › Atlas critical image readiness › first Sven, animal and flyby playback discovers no new critical image request after READY (2.0s)
  ok  33 [desktop-chromium] › tests\asset-readiness.spec.js:241:3 › Atlas critical image readiness › level-scoped images are replaced while the shared Sven cache remains (1.2s)
  ok  34 [desktop-chromium] › tests\asset-readiness.spec.js:263:3 › Atlas critical image readiness › a runtime background override is decoded before its first visible scene (767ms)
  ok  35 [desktop-chromium] › tests\asset-readiness.spec.js:288:3 › Atlas critical image readiness › slow image delivery remains behind the preparing screen (2.8s)
  ok  36 [desktop-chromium] › tests\asset-readiness.spec.js:319:3 › Atlas critical image readiness › leaving during a slow prepare cannot reveal the stale level (1.2s)
  ok  37 [desktop-chromium] › tests\challenge-active.spec.js:95:3 › learning challenge active state › inactive challenges do not render, cue, or block exit-ready (801ms)
  ok  38 [desktop-chromium] › tests\challenge-active.spec.js:112:3 › learning challenge active state › old completion state for inactive challenges neither blocks nor completes active progression (811ms)
  ok  39 [desktop-chromium] › tests\challenge-active.spec.js:133:3 › learning challenge active state › legacy saved level completion does not unlock a changed inactive challenge set (445ms)
  ok  40 [desktop-chromium] › tests\challenge-active.spec.js:155:3 › learning challenge active state › saved completion with matching active set does not bypass active challenge completion (442ms)
  ok  41 [desktop-chromium] › tests\challenge-active.spec.js:187:3 › learning challenge active state › saved completion on an unchanged level does not bypass challenge completion (777ms)
  ok  42 [desktop-chromium] › tests\challenge-active.spec.js:205:3 › learning challenge active state › levels without active fields still treat challenges as active (782ms)
  ok  43 [desktop-chromium] › tests\challenge-active.spec.js:215:3 › learning challenge active state › adventure menu counts active opdracht objects (228ms)
  ok  44 [desktop-chromium] › tests\challenge-active.spec.js:228:3 › learning challenge active state › menu opdracht total refreshes after an editor active toggle (426ms)
  ok  45 [desktop-chromium] › tests\challenge-active.spec.js:251:3 › learning challenge active state › editor shows selected challenge content preview and toggle (1.2s)
  ok  46 [desktop-chromium] › tests\challenge-active.spec.js:280:3 › learning challenge active state › editor preview shows clock visual hour and minute data (712ms)
  ok  47 [desktop-chromium] › tests\challenge-active.spec.js:298:3 › learning challenge active state › editor toggles and persists active state through Apply (1.3s)
  ok  48 [desktop-chromium] › tests\character-discovery.spec.js:13:1 › discovers a convention-only fixture and exposes it to the editor without an application registry (968ms)
  ok  49 [desktop-chromium] › tests\character-discovery.spec.js:48:1 › discovers zero through many idle variants and versions replaced artwork at the same filename (292ms)
  ok  50 [desktop-chromium] › tests\editor-interactions.spec.js:107:3 › developer editor interaction routing › keeps Objects and Effects controls functional through real delegated clicks and pointer drags (1.7s)
  ok  51 [desktop-chromium] › tests\editor-interactions.spec.js:230:3 › developer editor interaction routing › keeps scene effect Advanced settings open after editing an advanced value (1.0s)
  ok  52 [desktop-chromium] › tests\editor-interactions.spec.js:252:3 › developer editor interaction routing › scene-effect-only Apply patches only scene-effect sections and remains idempotent (2.4s)
  ok  53 [desktop-chromium] › tests\editor-interactions.spec.js:351:3 › developer editor interaction routing › audio-only Apply still persists a dedicated audio draft without touching the level file (1.2s)
  ok  54 [desktop-chromium] › tests\editor-interactions.spec.js:378:3 › developer editor interaction routing › Effects tab keeps empty-world walking while effect handles remain interactive (1.0s)
  ok  55 [desktop-chromium] › tests\editor-interactions.spec.js:442:3 › developer editor interaction routing › applies Leonardo approach, exit and legacy object geometry edits then reloads (1.1s)
  ok  56 [desktop-chromium] › tests\editor-interactions.spec.js:485:3 › developer editor interaction routing › applies interactive object edits on an older level (2.0s)
  ok  57 [desktop-chromium] › tests\editor-interactions.spec.js:522:3 › developer editor interaction routing › collapses panel so right-edge points can be moved, restores state, applies and reloads (1.5s)
  ok  58 [desktop-chromium] › tests\locomotion-repair.spec.js:44:5 › state-coupled Sven locomotion › very short move keeps idle stationary and arrives coherently (1.6s)
  ok  59 [desktop-chromium] › tests\locomotion-repair.spec.js:44:5 › state-coupled Sven locomotion › moderate move keeps idle stationary and arrives coherently (2.3s)
  ok  60 [desktop-chromium] › tests\locomotion-repair.spec.js:44:5 › state-coupled Sven locomotion › moderate left move keeps idle stationary and arrives coherently (2.4s)
  ok  61 [desktop-chromium] › tests\locomotion-repair.spec.js:44:5 › state-coupled Sven locomotion › long move keeps idle stationary and arrives coherently (3.6s)
  ok  62 [desktop-chromium] › tests\locomotion-repair.spec.js:71:3 › state-coupled Sven locomotion › reverses through authored turns without idle or to-idle (2.3s)
  ok  63 [desktop-chromium] › tests\locomotion-repair.spec.js:109:3 › state-coupled Sven locomotion › global phase controls materially change runtime movement and timing (2.0s)
  ok  64 [desktop-chromium] › tests\locomotion-repair.spec.js:150:3 › state-coupled Sven locomotion › To Idle Max Distance is an enforced runtime cap (2.9s)
  ok  65 [desktop-chromium] › tests\locomotion-repair.spec.js:166:1 › level editor keeps tuning panels, scroll, focus, scope and persistence stable (2.2s)
  ok  66 [desktop-chromium] › tests\npc-challenges.spec.js:30:3 › NPC challenge presentation › normalizes shared appearance without changing legacy defaults or producing invalid filters (915ms)
  ok  67 [desktop-chromium] › tests\npc-challenges.spec.js:55:6 › NPC challenge presentation › shares controls and preserves Freya appearance, editor identity and persisted animation states (2.6s)
  ok  68 [desktop-chromium] › tests\npc-challenges.spec.js:55:6 › NPC challenge presentation › shares controls and preserves Eivar appearance, editor identity and persisted animation states (2.6s)
  ok  69 [desktop-chromium] › tests\npc-challenges.spec.js:160:3 › NPC challenge presentation › keeps Standard defaults and converts both ways without moving or losing content (1.6s)
  ok  70 [desktop-chromium] › tests\npc-challenges.spec.js:186:3 › NPC challenge presentation › preserves editor tab, selection, scroll and live preview during NPC tuning (1.2s)
  ok  71 [desktop-chromium] › tests\npc-challenges.spec.js:214:3 › NPC challenge presentation › uses the existing approach node and opens a Dutch locked NPC dialog (945ms)
  ok  72 [desktop-chromium] › tests\npc-challenges.spec.js:235:3 › NPC challenge presentation › keeps locked NPCs clickable through real approach navigation and opens questions after unlock (8.5s)
  ok  73 [desktop-chromium] › tests\npc-challenges.spec.js:264:3 › NPC challenge presentation › uses the same zero-distance locked interaction flow for Freya and Eivar (1.9s)
  ok  74 [desktop-chromium] › tests\npc-challenges.spec.js:285:3 › NPC challenge presentation › plays production Freya and Eivar idle variants and preserves their schedule through remounts (3.3s)
  ok  75 [desktop-chromium] › tests\npc-challenges.spec.js:334:48 › NPC challenge presentation › renders native NPC artwork consistently through idle, variants, pass, completed hold and reload (3.2s)
  ok  76 [desktop-chromium] › tests\npc-challenges.spec.js:334:48 › NPC challenge presentation › renders mirrored NPC artwork consistently through idle, variants, pass, completed hold and reload (3.1s)
  ok  77 [desktop-chromium] › tests\npc-challenges.spec.js:433:3 › NPC challenge presentation › schedules generic zero, one, two and four-variant runtimes (891ms)
  ok  78 [desktop-chromium] › tests\npc-challenges.spec.js:481:3 › NPC challenge presentation › unlocks the same NPC, completes through idle beat/pass/completed hold and enables progression (4.1s)
  ok  79 [desktop-chromium] › tests\npc-challenges.spec.js:517:3 › NPC challenge presentation › supports non-final NPCs, persists completion, does not replay pass, and loops multi-frame base idle (2.5s)
  ok  80 [desktop-chromium] › tests\npc-challenges.spec.js:561:3 › NPC challenge presentation › schedules an arbitrarily numbered idle variant and returns to base idle (1.8s)
  ok  81 [desktop-chromium] › tests\npc-challenges.spec.js:582:3 › NPC challenge presentation › keeps NPC names out of both worlds while retaining them in challenge UI (1.6s)
  ok  82 [desktop-chromium] › tests\npc-challenges.spec.js:596:3 › NPC challenge presentation › orders Freya before the exit and routes to her without visiting the exit stop (912ms)
  ok  83 [desktop-chromium] › tests\npc-challenges.spec.js:615:3 › NPC challenge presentation › places Ambient Animals only in Characters and preserves localized editing state (1.1s)
  ok  84 [desktop-chromium] › tests\npc-challenges.spec.js:636:3 › NPC challenge presentation › renders decoded natural-size assets on the semantic layer below Sven in Illustrated and Voxel inputs (1.0s)
  ok  85 [desktop-chromium] › tests\npc-ui.spec.js:76:3 › Freya: locked, all questions, retry and feedback at desktop (13.9s)
  ok  86 [desktop-chromium] › tests\npc-ui.spec.js:76:3 › Eivar: locked, all questions, retry and feedback at desktop (14.1s)
  ok  87 [desktop-chromium] › tests\npc-ui.spec.js:76:3 › Freya: locked, all questions, retry and feedback at ipad-landscape (13.0s)
  ok  88 [desktop-chromium] › tests\npc-ui.spec.js:76:3 › Eivar: locked, all questions, retry and feedback at ipad-landscape (12.9s)
  ok  89 [desktop-chromium] › tests\npc-ui.spec.js:76:3 › Freya: locked, all questions, retry and feedback at ipad-portrait (13.1s)
  ok  90 [desktop-chromium] › tests\npc-ui.spec.js:76:3 › Eivar: locked, all questions, retry and feedback at ipad-portrait (13.1s)
  ok  91 [desktop-chromium] › tests\npc-ui.spec.js:120:35 › future NPC: long name, prompt, wrapped choices and non-square portrait at desktop (1.6s)
  ok  92 [desktop-chromium] › tests\npc-ui.spec.js:120:35 › future NPC: long name, prompt, wrapped choices and non-square portrait at ipad-landscape (1.4s)
  ok  93 [desktop-chromium] › tests\npc-ui.spec.js:120:35 › future NPC: long name, prompt, wrapped choices and non-square portrait at ipad-portrait (1.4s)
  ok  94 [desktop-chromium] › tests\npc-ui.spec.js:144:1 › Standard headings, header and correct-state composition remain unchanged (902ms)
  ok  95 [desktop-chromium] › tests\npc-ui.spec.js:156:35 › NPC clock and retry layout at desktop (1.5s)
  ok  96 [desktop-chromium] › tests\npc-ui.spec.js:156:35 › NPC clock and retry layout at ipad-landscape (1.3s)
  ok  97 [desktop-chromium] › tests\npc-ui.spec.js:156:35 › NPC clock and retry layout at ipad-portrait (1.3s)
  ok  98 [desktop-chromium] › tests\npc-ui.spec.js:173:1 › NPC open input remains usable with reduced keyboard height and visible focus (1.1s)
  ok  99 [desktop-chromium] › tests\render-layers.spec.js:42:3 › global render layers › uses the fixed computed z-index order independent of DOM order (433ms)
  ok 100 [desktop-chromium] › tests\render-layers.spec.js:94:3 › global render layers › keeps modal overlays and editor path handles above every world layer (3.3s)
  ok 101 [desktop-chromium] › tests\short-move-repair.spec.js:71:3 › unified short-distance locomotion phases › 5–90 world-pixel matrix uses FromIdle then ToIdle exactly in both directions (15.5s)
  ok 102 [desktop-chromium] › tests\short-move-repair.spec.js:121:3 › unified short-distance locomotion phases › short physical distance is allocated between authoritative FromIdle and capped ToIdle phases (6.1s)
  ok 103 [desktop-chromium] › tests\short-move-repair.spec.js:151:3 › unified short-distance locomotion phases › start frame, visual cap and animation multiplier only crop and scale authored phase playback (804ms)
  ok 104 [desktop-chromium] › tests\short-move-repair.spec.js:186:3 › unified short-distance locomotion phases › zero-distance requests stay idle and call arrival exactly once (831ms)
  ok 105 [desktop-chromium] › tests\short-move-repair.spec.js:199:3 › unified short-distance locomotion phases › a nearby challenge opens after its unified short arrival finishes in idle (1.5s)
  ok 106 [desktop-chromium] › tests\voxel-renderer.spec.js:68:3 › Atlas WebGPU voxel presentation › keeps shared character appearance in GPU uniforms across NPC frames and live edits (3.7s)
  ok 107 [desktop-chromium] › tests\voxel-renderer.spec.js:145:3 › Atlas WebGPU voxel presentation › publishes accepted Voxel presets with deterministic two-renderer migration (150ms)
  ok 108 [desktop-chromium] › tests\voxel-renderer.spec.js:172:3 › Atlas WebGPU voxel presentation › switches Illustrated and Voxel while persisting production settings (1.1s)
  ok 109 [desktop-chromium] › tests\voxel-renderer.spec.js:204:3 › Atlas WebGPU voxel presentation › exposes only effective production controls with the required full ranges (1.0s)
  ok 110 [desktop-chromium] › tests\voxel-renderer.spec.js:241:3 › Atlas WebGPU voxel presentation › publishes the locomotion controller's resolved direction without a second visual flip (754ms)
  ok 111 [desktop-chromium] › tests\voxel-renderer.spec.js:253:3 › Atlas WebGPU voxel presentation › renders supplied-depth and neutral-depth scenes through production Voxel (5.3s)
  x  112 [desktop-chromium] › tests\voxel-renderer.spec.js:288:3 › Atlas WebGPU voxel presentation › never presents a black viewport during production Voxel idle/walk handoffs (1.5s)
(node:25772) Warning: The 'NO_COLOR' env is ignored due to the 'FORCE_COLOR' env being set.
(Use `node --trace-warnings ...` to show where the warning was created)
(node:25772) Warning: The 'NO_COLOR' env is ignored due to the 'FORCE_COLOR' env being set.
(Use `node --trace-warnings ...` to show where the warning was created)
  ok 113 [desktop-chromium] › tests\webgpu-capabilities.spec.js:9:3 › shared WebGPU capability state › falls back from high-performance to a default adapter and reuses an Illustrated device (164ms)
  ok 114 [desktop-chromium] › tests\webgpu-capabilities.spec.js:31:3 › shared WebGPU capability state › distinguishes API, adapter, device, renderer capability, and pipeline failures (143ms)


  1) [desktop-chromium] › tests\voxel-renderer.spec.js:288:3 › Atlas WebGPU voxel presentation › never presents a black viewport during production Voxel idle/walk handoffs 

    Error: page.evaluate: TypeError: Cannot read properties of undefined (reading 'x')
        at eval (eval at evaluate (:302:30), <anonymous>:4:25)
        at UtilityScript.evaluate (<anonymous>:304:16)
        at UtilityScript.<anonymous> (<anonymous>:1:44)
        at eval (eval at evaluate (:302:30), <anonymous>:4:25)
        at UtilityScript.evaluate (<anonymous>:304:16)
        at UtilityScript.<anonymous> (<anonymous>:1:44)
        at D:\DevProjects\SvenAdventure\tests\voxel-renderer.spec.js:309:16

    Error Context: output\character-final-results\voxel-renderer-Atlas-WebGP-79383-on-Voxel-idle-walk-handoffs-desktop-chromium\error-context.md

  1 failed
    [desktop-chromium] › tests\voxel-renderer.spec.js:288:3 › Atlas WebGPU voxel presentation › never presents a black viewport during production Voxel idle/walk handoffs 
  113 passed (4.3m)
