
Running 2 tests using 1 worker

(node:42716) Warning: The 'NO_COLOR' env is ignored due to the 'FORCE_COLOR' env being set.
(Use `node --trace-warnings ...` to show where the warning was created)
(node:42716) Warning: The 'NO_COLOR' env is ignored due to the 'FORCE_COLOR' env being set.
(Use `node --trace-warnings ...` to show where the warning was created)
  x  1 [desktop-chromium] › tests\asset-recovery.spec.js:74:53 › failed Flyby preload recovers at later preparation and native scheduled playback works (6.1s)
(node:44952) Warning: The 'NO_COLOR' env is ignored due to the 'FORCE_COLOR' env being set.
(Use `node --trace-warnings ...` to show where the warning was created)
(node:44952) Warning: The 'NO_COLOR' env is ignored due to the 'FORCE_COLOR' env being set.
(Use `node --trace-warnings ...` to show where the warning was created)
  x  2 [desktop-chromium] › tests\asset-recovery.spec.js:74:53 › failed Flyby preload recovers at later re-entry and native scheduled playback works (6.2s)


  1) [desktop-chromium] › tests\asset-recovery.spec.js:74:53 › failed Flyby preload recovers at later preparation and native scheduled playback works 

    Error: [2mexpect([22m[31mreceived[39m[2m).[22mtoBe[2m([22m[32mexpected[39m[2m) // Object.is equality[22m

    Expected: [32mtrue[39m
    Received: [31mfalse[39m

    Call Log:
    - Timeout 5000ms exceeded while waiting on the predicate

      31 | }
      32 | async function soundReady(page) {
    > 33 |   await expect.poll(() => page.evaluate(() => window.eval('ambientFlybyRuntime').readiness.get('LVL-0032:arc_wasp2')?.sound)).toBe(true);
         |                                                                                                                               ^
      34 | }
      35 | async function schedule(page) {
      36 |   await page.evaluate(() => {
        at soundReady (D:\DevProjects\SvenAdventure\tests\asset-recovery.spec.js:33:127)
        at D:\DevProjects\SvenAdventure\tests\asset-recovery.spec.js:90:9

    Error Context: test-results\asset-recovery-failed-Flyb-a0025-ve-scheduled-playback-works-desktop-chromium\error-context.md

  2) [desktop-chromium] › tests\asset-recovery.spec.js:74:53 › failed Flyby preload recovers at later re-entry and native scheduled playback works 

    Error: [2mexpect([22m[31mreceived[39m[2m).[22mtoBe[2m([22m[32mexpected[39m[2m) // Object.is equality[22m

    Expected: [32mtrue[39m
    Received: [31mfalse[39m

    Call Log:
    - Timeout 5000ms exceeded while waiting on the predicate

      31 | }
      32 | async function soundReady(page) {
    > 33 |   await expect.poll(() => page.evaluate(() => window.eval('ambientFlybyRuntime').readiness.get('LVL-0032:arc_wasp2')?.sound)).toBe(true);
         |                                                                                                                               ^
      34 | }
      35 | async function schedule(page) {
      36 |   await page.evaluate(() => {
        at soundReady (D:\DevProjects\SvenAdventure\tests\asset-recovery.spec.js:33:127)
        at D:\DevProjects\SvenAdventure\tests\asset-recovery.spec.js:90:9

    Error Context: test-results\asset-recovery-failed-Flyb-22119-ve-scheduled-playback-works-desktop-chromium\error-context.md

  2 failed
    [desktop-chromium] › tests\asset-recovery.spec.js:74:53 › failed Flyby preload recovers at later preparation and native scheduled playback works 
    [desktop-chromium] › tests\asset-recovery.spec.js:74:53 › failed Flyby preload recovers at later re-entry and native scheduled playback works 
