
Running 3 tests using 1 worker

(node:14196) Warning: The 'NO_COLOR' env is ignored due to the 'FORCE_COLOR' env being set.
(Use `node --trace-warnings ...` to show where the warning was created)
(node:14196) Warning: The 'NO_COLOR' env is ignored due to the 'FORCE_COLOR' env being set.
(Use `node --trace-warnings ...` to show where the warning was created)
  x  1 [desktop-chromium] › tests\asset-recovery.spec.js:45:1 › optional image exhaustion permits entry and a later shared recovery becomes visible and cached (6.8s)
(node:41632) Warning: The 'NO_COLOR' env is ignored due to the 'FORCE_COLOR' env being set.
(Use `node --trace-warnings ...` to show where the warning was created)
(node:41632) Warning: The 'NO_COLOR' env is ignored due to the 'FORCE_COLOR' env being set.
(Use `node --trace-warnings ...` to show where the warning was created)
  x  2 [desktop-chromium] › tests\asset-recovery.spec.js:74:53 › failed Flyby preload recovers at later preparation and native scheduled playback works (5.8s)
(node:26260) Warning: The 'NO_COLOR' env is ignored due to the 'FORCE_COLOR' env being set.
(Use `node --trace-warnings ...` to show where the warning was created)
(node:26260) Warning: The 'NO_COLOR' env is ignored due to the 'FORCE_COLOR' env being set.
(Use `node --trace-warnings ...` to show where the warning was created)
  x  3 [desktop-chromium] › tests\asset-recovery.spec.js:74:53 › failed Flyby preload recovers at later re-entry and native scheduled playback works (5.8s)


  1) [desktop-chromium] › tests\asset-recovery.spec.js:45:1 › optional image exhaustion permits entry and a later shared recovery becomes visible and cached 

    Error: [2mexpect([22m[31mreceived[39m[2m).[22mtoBe[2m([22m[32mexpected[39m[2m) // Object.is equality[22m

    Expected: [32m4[39m
    Received: [31m3[39m

    Call Log:
    - Timeout 5000ms exceeded while waiting on the predicate

      60 |   await page.evaluate(() => { window.recoveryEntry = window.eval('selectLevel')('LVL-0032', { startImmediately: true, recordStart: false }); });
      61 |   try {
    > 62 |     await expect.poll(() => requests).toBe(before + 1);
         |                                       ^
      63 |     await page.evaluate(path => { window.recoveryConsumers = Promise.all([window.eval('assetCache').image(path), window.eval('assetCache').image('./' + path)]); }, imagePath);
      64 |     expect(requests).toBe(before + 1);
      65 |   } finally { release(); }
        at D:\DevProjects\SvenAdventure\tests\asset-recovery.spec.js:62:39

    Error Context: test-results\asset-recovery-optional-im-b0372--becomes-visible-and-cached-desktop-chromium\error-context.md

  2) [desktop-chromium] › tests\asset-recovery.spec.js:74:53 › failed Flyby preload recovers at later preparation and native scheduled playback works 

    Error: [2mexpect([22m[31mreceived[39m[2m).[22mtoBe[2m([22m[32mexpected[39m[2m) // Object.is equality[22m

    Expected: [32mtrue[39m
    Received: [31mfalse[39m

    Call Log:
    - Timeout 5000ms exceeded while waiting on the predicate

      79 |   });
      80 |   await boot(page); await enter(page);
    > 81 |   await expect.poll(() => page.evaluate(() => window.recoveryWarnings.some(w => w.includes('sound disabled:') && w.includes('arc_wasp')))).toBe(true);
         |                                                                                                                                            ^
      82 |   await schedule(page);
      83 |   expect(await page.evaluate(() => window.recoveryPlays.length)).toBe(0);
      84 |   const before = requests, loads = await page.evaluate(() => window.recoveryLoads);
        at D:\DevProjects\SvenAdventure\tests\asset-recovery.spec.js:81:140

    Error Context: test-results\asset-recovery-failed-Flyb-a0025-ve-scheduled-playback-works-desktop-chromium\error-context.md

  3) [desktop-chromium] › tests\asset-recovery.spec.js:74:53 › failed Flyby preload recovers at later re-entry and native scheduled playback works 

    Error: [2mexpect([22m[31mreceived[39m[2m).[22mtoBe[2m([22m[32mexpected[39m[2m) // Object.is equality[22m

    Expected: [32mtrue[39m
    Received: [31mfalse[39m

    Call Log:
    - Timeout 5000ms exceeded while waiting on the predicate

      79 |   });
      80 |   await boot(page); await enter(page);
    > 81 |   await expect.poll(() => page.evaluate(() => window.recoveryWarnings.some(w => w.includes('sound disabled:') && w.includes('arc_wasp')))).toBe(true);
         |                                                                                                                                            ^
      82 |   await schedule(page);
      83 |   expect(await page.evaluate(() => window.recoveryPlays.length)).toBe(0);
      84 |   const before = requests, loads = await page.evaluate(() => window.recoveryLoads);
        at D:\DevProjects\SvenAdventure\tests\asset-recovery.spec.js:81:140

    Error Context: test-results\asset-recovery-failed-Flyb-22119-ve-scheduled-playback-works-desktop-chromium\error-context.md

  3 failed
    [desktop-chromium] › tests\asset-recovery.spec.js:45:1 › optional image exhaustion permits entry and a later shared recovery becomes visible and cached 
    [desktop-chromium] › tests\asset-recovery.spec.js:74:53 › failed Flyby preload recovers at later preparation and native scheduled playback works 
    [desktop-chromium] › tests\asset-recovery.spec.js:74:53 › failed Flyby preload recovers at later re-entry and native scheduled playback works 
