
Running 18 tests using 1 worker

(node:5608) Warning: The 'NO_COLOR' env is ignored due to the 'FORCE_COLOR' env being set.
(Use `node --trace-warnings ...` to show where the warning was created)
(node:5608) Warning: The 'NO_COLOR' env is ignored due to the 'FORCE_COLOR' env being set.
(Use `node --trace-warnings ...` to show where the warning was created)
  ok  1 [desktop-chromium] › tests\ambient-flybys.spec.js:86:3 › ambient flyby runtime › distance integration is frame-rate independent and cleanup removes RAF/audio (980ms)
  ok  2 [desktop-chromium] › tests\ambient-flybys.spec.js:114:3 › ambient flyby runtime › organic motion profile keeps smooth compatibility while changing path samples (6.0s)
  ok  3 [desktop-chromium] › tests\ambient-flybys.spec.js:159:3 › ambient flyby runtime › reduced motion suppresses automatic scheduling (1.0s)
  ok  4 [desktop-chromium] › tests\asset-recovery.spec.js:229:1 › recovered preload never starts audio late for a finished flight (8.0s)
  ok  5 [desktop-chromium] › tests\flyby-audio.spec.js:26:47 › During audio starts once at actual offscreen flight start, independent of player distance (9.7s)
  ok  6 [desktop-chromium] › tests\flyby-audio.spec.js:26:47 › During audio starts once at actual visible flight start, independent of player distance (9.7s)
  ok  7 [desktop-chromium] › tests\flyby-audio.spec.js:51:1 › authored short Wasp call reaches instance gain before it ends during a slow flight (8.2s)
  ok  8 [desktop-chromium] › tests\flyby-audio.spec.js:76:1 › Wasp and control sound return audio MIME and native decode; non-silent PCM where Web Audio is available (5.7s)
  ok  9 [desktop-chromium] › tests\flyby-audio.spec.js:85:39 › existing two-frame swift uses native during playback (6.8s)
(node:49996) Warning: The 'NO_COLOR' env is ignored due to the 'FORCE_COLOR' env being set.
(Use `node --trace-warnings ...` to show where the warning was created)
(node:49996) Warning: The 'NO_COLOR' env is ignored due to the 'FORCE_COLOR' env being set.
(Use `node --trace-warnings ...` to show where the warning was created)
  ok 10 [ipad-landscape] › tests\ambient-flybys.spec.js:86:3 › ambient flyby runtime › distance integration is frame-rate independent and cleanup removes RAF/audio (7.0s)
  ok 11 [ipad-landscape] › tests\ambient-flybys.spec.js:114:3 › ambient flyby runtime › organic motion profile keeps smooth compatibility while changing path samples (6.9s)
  ok 12 [ipad-landscape] › tests\ambient-flybys.spec.js:159:3 › ambient flyby runtime › reduced motion suppresses automatic scheduling (2.0s)
  ok 13 [ipad-landscape] › tests\asset-recovery.spec.js:229:1 › recovered preload never starts audio late for a finished flight (11.7s)
  ok 14 [ipad-landscape] › tests\flyby-audio.spec.js:26:47 › During audio starts once at actual offscreen flight start, independent of player distance (12.3s)
  ok 15 [ipad-landscape] › tests\flyby-audio.spec.js:26:47 › During audio starts once at actual visible flight start, independent of player distance (13.1s)
  ok 16 [ipad-landscape] › tests\flyby-audio.spec.js:51:1 › authored short Wasp call reaches instance gain before it ends during a slow flight (9.1s)
  x  17 [ipad-landscape] › tests\flyby-audio.spec.js:76:1 › Wasp and control sound return audio MIME and native decode; non-silent PCM where Web Audio is available (6.8s)
(node:48172) Warning: The 'NO_COLOR' env is ignored due to the 'FORCE_COLOR' env being set.
(Use `node --trace-warnings ...` to show where the warning was created)
(node:48172) Warning: The 'NO_COLOR' env is ignored due to the 'FORCE_COLOR' env being set.
(Use `node --trace-warnings ...` to show where the warning was created)
  ok 18 [ipad-landscape] › tests\flyby-audio.spec.js:85:39 › existing two-frame swift uses native during playback (8.1s)


  1) [ipad-landscape] › tests\flyby-audio.spec.js:76:1 › Wasp and control sound return audio MIME and native decode; non-silent PCM where Web Audio is available 

    Error: [2mexpect([22m[31mreceived[39m[2m).[22mtoBeGreaterThan[2m([22m[32mexpected[39m[2m)[22m

    Expected: > [32m0[39m
    Received:   [31m0[39m

      79 |  for(const path of [sound,'assets/ambient/flybys/common-swift/common-swift-call.mp3']){
      80 |   const result=await page.evaluate(async path=>{const response=await fetch(path),bytes=await response.arrayBuffer(),media=await window.eval('assetCache').sound(path),result={status:response.status,type:response.headers.get('content-type'),duration:media.duration,ready:media.readyState};const Context=window.AudioContext||window.webkitAudioContext;if(!Context)return result;const ctx=new Context();try{const buffer=await ctx.decodeAudioData(bytes);let peak=0,energy=0;for(const value of buffer.getChannelData(0)){peak=Math.max(peak,Math.abs(value));energy+=value*value;}return {...result,peak,rms:Math.sqrt(energy/buffer.length)};}finally{await ctx.close();}},path);
    > 81 |   expect(result.status).toBe(200);expect(result.type).toContain('audio/mpeg');expect(result.duration).toBeGreaterThan(0);expect(result.ready).toBeGreaterThanOrEqual(2);
         |                                                                                                       ^
      82 |   if(await page.evaluate(()=>Boolean(window.AudioContext||window.webkitAudioContext))){expect(result.peak).toBeGreaterThan(.01);expect(result.rms).toBeGreaterThan(.001);}
      83 |  }
      84 | });
        at D:\DevProjects\SvenAdventure\tests\flyby-audio.spec.js:81:103

    Error Context: test-results\flyby-audio-Wasp-and-contr-aa391-here-Web-Audio-is-available-ipad-landscape\error-context.md

    Error Context: test-results\flyby-audio-Wasp-and-contr-aa391-here-Web-Audio-is-available-ipad-landscape\error-context.md

  1 failed
    [ipad-landscape] › tests\flyby-audio.spec.js:76:1 › Wasp and control sound return audio MIME and native decode; non-silent PCM where Web Audio is available 
  17 passed (2.2m)
