
Running 3 tests using 1 worker

(node:47108) Warning: The 'NO_COLOR' env is ignored due to the 'FORCE_COLOR' env being set.
(Use `node --trace-warnings ...` to show where the warning was created)
(node:47108) Warning: The 'NO_COLOR' env is ignored due to the 'FORCE_COLOR' env being set.
(Use `node --trace-warnings ...` to show where the warning was created)
  x  1 [desktop-chromium] › tests\flyby-lifecycle.spec.js:15:1 › preview cancels old recurrence; full slow flight precedes the next delay (5ms)
(node:50640) Warning: The 'NO_COLOR' env is ignored due to the 'FORCE_COLOR' env being set.
(Use `node --trace-warnings ...` to show where the warning was created)
(node:50640) Warning: The 'NO_COLOR' env is ignored due to the 'FORCE_COLOR' env being set.
(Use `node --trace-warnings ...` to show where the warning was created)
  ok 2 [desktop-chromium] › tests\flyby-lifecycle.spec.js:25:1 › delayed group members reserve their IDs through the entire flight (11ms)
  x  3 [desktop-chromium] › tests\flyby-lifecycle.spec.js:32:1 › single frame loads only A and never mutates frame state; two frames still animate (4ms)


  1) [desktop-chromium] › tests\flyby-lifecycle.spec.js:15:1 › preview cancels old recurrence; full slow flight precedes the next delay 

    TypeError: shell.querySelector is not a function
        at tick (evalmachine.<anonymous>:1014:66)
        at Object.advance (D:\DevProjects\SvenAdventure\tests\flyby-lifecycle.spec.js:12:167)
        at D:\DevProjects\SvenAdventure\tests\flyby-lifecycle.spec.js:16:74
        at D:\DevProjects\SvenAdventure\node_modules\playwright\lib\worker\workerProcessEntry.js:3045:9
        at D:\DevProjects\SvenAdventure\node_modules\playwright\lib\worker\workerProcessEntry.js:2537:11
        at TimeoutManager.withRunnable (D:\DevProjects\SvenAdventure\node_modules\playwright\lib\worker\workerProcessEntry.js:1816:14)
        at TestInfoImpl._runWithTimeout (D:\DevProjects\SvenAdventure\node_modules\playwright\lib\worker\workerProcessEntry.js:2535:7)
        at D:\DevProjects\SvenAdventure\node_modules\playwright\lib\worker\workerProcessEntry.js:3043:7
        at WorkerMain._runTest (D:\DevProjects\SvenAdventure\node_modules\playwright\lib\worker\workerProcessEntry.js:3016:5)
        at WorkerMain.runTestGroup (D:\DevProjects\SvenAdventure\node_modules\playwright\lib\worker\workerProcessEntry.js:2911:9)

  2) [desktop-chromium] › tests\flyby-lifecycle.spec.js:32:1 › single frame loads only A and never mutates frame state; two frames still animate 

    TypeError: shell.querySelector is not a function
        at tick (evalmachine.<anonymous>:1014:66)
        at Object.advance (D:\DevProjects\SvenAdventure\tests\flyby-lifecycle.spec.js:12:167)
        at D:\DevProjects\SvenAdventure\tests\flyby-lifecycle.spec.js:37:49
        at D:\DevProjects\SvenAdventure\node_modules\playwright\lib\worker\workerProcessEntry.js:3045:9
        at D:\DevProjects\SvenAdventure\node_modules\playwright\lib\worker\workerProcessEntry.js:2537:11
        at TimeoutManager.withRunnable (D:\DevProjects\SvenAdventure\node_modules\playwright\lib\worker\workerProcessEntry.js:1816:14)
        at TestInfoImpl._runWithTimeout (D:\DevProjects\SvenAdventure\node_modules\playwright\lib\worker\workerProcessEntry.js:2535:7)
        at D:\DevProjects\SvenAdventure\node_modules\playwright\lib\worker\workerProcessEntry.js:3043:7
        at WorkerMain._runTest (D:\DevProjects\SvenAdventure\node_modules\playwright\lib\worker\workerProcessEntry.js:3016:5)
        at WorkerMain.runTestGroup (D:\DevProjects\SvenAdventure\node_modules\playwright\lib\worker\workerProcessEntry.js:2911:9)

  2 failed
    [desktop-chromium] › tests\flyby-lifecycle.spec.js:15:1 › preview cancels old recurrence; full slow flight precedes the next delay 
    [desktop-chromium] › tests\flyby-lifecycle.spec.js:32:1 › single frame loads only A and never mutates frame state; two frames still animate 
  1 passed (1.1s)
