
Running 52 tests using 1 worker

(node:51088) Warning: The 'NO_COLOR' env is ignored due to the 'FORCE_COLOR' env being set.
(Use `node --trace-warnings ...` to show where the warning was created)
(node:51088) Warning: The 'NO_COLOR' env is ignored due to the 'FORCE_COLOR' env being set.
(Use `node --trace-warnings ...` to show where the warning was created)
  ok  1 [desktop-chromium] › tests\asset-cold-start.spec.js:14:3 › cold-cache critical assets › first Runenpoort launch retries one Freya 503 before READY and reuses every prepared frame (5.7s)
  x   2 [desktop-chromium] › tests\asset-cold-start.spec.js:98:36 › cold-cache critical assets › HTTP 503 exhaustion never reports READY (10.3s)
(node:45288) Warning: The 'NO_COLOR' env is ignored due to the 'FORCE_COLOR' env being set.
(Use `node --trace-warnings ...` to show where the warning was created)
(node:45288) Warning: The 'NO_COLOR' env is ignored due to the 'FORCE_COLOR' env being set.
(Use `node --trace-warnings ...` to show where the warning was created)
  x   3 [desktop-chromium] › tests\asset-cold-start.spec.js:98:36 › cold-cache critical assets › HTTP 404 exhaustion never reports READY (3.2s)
(node:37220) Warning: The 'NO_COLOR' env is ignored due to the 'FORCE_COLOR' env being set.
(Use `node --trace-warnings ...` to show where the warning was created)
(node:37220) Warning: The 'NO_COLOR' env is ignored due to the 'FORCE_COLOR' env being set.
(Use `node --trace-warnings ...` to show where the warning was created)
  x   4 [desktop-chromium] › tests\asset-cold-start.spec.js:115:3 › cold-cache critical assets › prepare awaits image decode and rejects unusable pixels (3.2s)
(node:50260) Warning: The 'NO_COLOR' env is ignored due to the 'FORCE_COLOR' env being set.
(Use `node --trace-warnings ...` to show where the warning was created)
(node:50260) Warning: The 'NO_COLOR' env is ignored due to the 'FORCE_COLOR' env being set.
(Use `node --trace-warnings ...` to show where the warning was created)
  x   5 [desktop-chromium] › tests\asset-readiness.spec.js:18:3 › Atlas critical image readiness › collects and deduplicates active-level critical imagery (3.2s)
(node:35096) Warning: The 'NO_COLOR' env is ignored due to the 'FORCE_COLOR' env being set.
(Use `node --trace-warnings ...` to show where the warning was created)
(node:35096) Warning: The 'NO_COLOR' env is ignored due to the 'FORCE_COLOR' env being set.
(Use `node --trace-warnings ...` to show where the warning was created)
  x   6 [desktop-chromium] › tests\asset-readiness.spec.js:44:3 › Atlas critical image readiness › deduplicates decode work, holds ready images, releases level scope and fails critical images (3.2s)
(node:40812) Warning: The 'NO_COLOR' env is ignored due to the 'FORCE_COLOR' env being set.
(Use `node --trace-warnings ...` to show where the warning was created)
(node:40812) Warning: The 'NO_COLOR' env is ignored due to the 'FORCE_COLOR' env being set.
(Use `node --trace-warnings ...` to show where the warning was created)
  x   7 [desktop-chromium] › tests\asset-readiness.spec.js:97:3 › Atlas critical image readiness › superseded asynchronous preparation cannot become current and is releasable (3.1s)
(node:38020) Warning: The 'NO_COLOR' env is ignored due to the 'FORCE_COLOR' env being set.
(Use `node --trace-warnings ...` to show where the warning was created)
(node:38020) Warning: The 'NO_COLOR' env is ignored due to the 'FORCE_COLOR' env being set.
(Use `node --trace-warnings ...` to show where the warning was created)
  x   8 [desktop-chromium] › tests\asset-readiness.spec.js:119:3 › Atlas critical image readiness › real level reaches scene only after Sven and level imagery are decoded (3.1s)
(node:40800) Warning: The 'NO_COLOR' env is ignored due to the 'FORCE_COLOR' env being set.
(Use `node --trace-warnings ...` to show where the warning was created)
(node:40800) Warning: The 'NO_COLOR' env is ignored due to the 'FORCE_COLOR' env being set.
(Use `node --trace-warnings ...` to show where the warning was created)
  x   9 [desktop-chromium] › tests\asset-readiness.spec.js:165:3 › Atlas critical image readiness › rapid first-use transitions never expose a blank or unrenderable Sven frame (3.2s)
(node:35908) Warning: The 'NO_COLOR' env is ignored due to the 'FORCE_COLOR' env being set.
(Use `node --trace-warnings ...` to show where the warning was created)
(node:35908) Warning: The 'NO_COLOR' env is ignored due to the 'FORCE_COLOR' env being set.
(Use `node --trace-warnings ...` to show where the warning was created)
  x  10 [desktop-chromium] › tests\asset-readiness.spec.js:201:3 › Atlas critical image readiness › first Sven, animal and flyby playback discovers no new critical image request after READY (3.1s)
(node:46212) Warning: The 'NO_COLOR' env is ignored due to the 'FORCE_COLOR' env being set.
(Use `node --trace-warnings ...` to show where the warning was created)
(node:46212) Warning: The 'NO_COLOR' env is ignored due to the 'FORCE_COLOR' env being set.
(Use `node --trace-warnings ...` to show where the warning was created)
  x  11 [desktop-chromium] › tests\asset-readiness.spec.js:247:3 › Atlas critical image readiness › level-scoped images are replaced while the shared Sven cache remains (3.1s)
(node:50292) Warning: The 'NO_COLOR' env is ignored due to the 'FORCE_COLOR' env being set.
(Use `node --trace-warnings ...` to show where the warning was created)
(node:50292) Warning: The 'NO_COLOR' env is ignored due to the 'FORCE_COLOR' env being set.
(Use `node --trace-warnings ...` to show where the warning was created)
  x  12 [desktop-chromium] › tests\asset-readiness.spec.js:269:3 › Atlas critical image readiness › a runtime background override is decoded before its first visible scene (3.1s)
(node:44588) Warning: The 'NO_COLOR' env is ignored due to the 'FORCE_COLOR' env being set.
(Use `node --trace-warnings ...` to show where the warning was created)
(node:44588) Warning: The 'NO_COLOR' env is ignored due to the 'FORCE_COLOR' env being set.
(Use `node --trace-warnings ...` to show where the warning was created)
  x  13 [desktop-chromium] › tests\asset-readiness.spec.js:296:3 › Atlas critical image readiness › slow image delivery remains behind the preparing screen (3.1s)
(node:38244) Warning: The 'NO_COLOR' env is ignored due to the 'FORCE_COLOR' env being set.
(Use `node --trace-warnings ...` to show where the warning was created)
(node:38244) Warning: The 'NO_COLOR' env is ignored due to the 'FORCE_COLOR' env being set.
(Use `node --trace-warnings ...` to show where the warning was created)
  x  14 [desktop-chromium] › tests\asset-readiness.spec.js:327:3 › Atlas critical image readiness › leaving during a slow prepare cannot reveal the stale level (3.1s)
(node:38780) Warning: The 'NO_COLOR' env is ignored due to the 'FORCE_COLOR' env being set.
(Use `node --trace-warnings ...` to show where the warning was created)
(node:38780) Warning: The 'NO_COLOR' env is ignored due to the 'FORCE_COLOR' env being set.
(Use `node --trace-warnings ...` to show where the warning was created)
