healthy two-natural-groups {"starts":8,"plays":2,"ok":2,"owners":1,"requests":0,"ready":[{"id":"LVL-0016:italyCommonSwift","sound":true,"ready":true},{"id":"LVL-0016:italyCommonSwift-copy","sound":true,"ready":true},{"id":"LVL-0016:italyCommonSwift-copy-copy","sound":true,"ready":true},{"id":"LVL-0016:italyCommonSwift-copy-2","sound":true,"ready":true}]}
healthy fourteen-groups {"starts":56,"plays":14,"ok":14,"owners":1,"requests":0,"ready":[{"id":"LVL-0016:italyCommonSwift","sound":true,"ready":true},{"id":"LVL-0016:italyCommonSwift-copy","sound":true,"ready":true},{"id":"LVL-0016:italyCommonSwift-copy-copy","sound":true,"ready":true},{"id":"LVL-0016:italyCommonSwift-copy-2","sound":true,"ready":true}]}
healthy mute {"starts":56,"plays":14,"ok":14,"owners":1,"requests":0,"ready":[{"id":"LVL-0016:italyCommonSwift","sound":true,"ready":true},{"id":"LVL-0016:italyCommonSwift-copy","sound":true,"ready":true},{"id":"LVL-0016:italyCommonSwift-copy-copy","sound":true,"ready":true},{"id":"LVL-0016:italyCommonSwift-copy-2","sound":true,"ready":true}]}
healthy unmute {"starts":56,"plays":14,"ok":14,"owners":1,"requests":0,"ready":[{"id":"LVL-0016:italyCommonSwift","sound":true,"ready":true},{"id":"LVL-0016:italyCommonSwift-copy","sound":true,"ready":true},{"id":"LVL-0016:italyCommonSwift-copy-copy","sound":true,"ready":true},{"id":"LVL-0016:italyCommonSwift-copy-2","sound":true,"ready":true}]}
healthy menu-cleanup {"starts":56,"plays":14,"ok":14,"owners":0,"requests":0,"ready":[]}
healthy reentry {"starts":60,"plays":15,"ok":15,"owners":1,"requests":0,"ready":[{"id":"LVL-0016:italyCommonSwift","sound":true,"ready":true},{"id":"LVL-0016:italyCommonSwift-copy","sound":true,"ready":true},{"id":"LVL-0016:italyCommonSwift-copy-copy","sound":true,"ready":true},{"id":"LVL-0016:italyCommonSwift-copy-2","sound":true,"ready":true}]}
healthy restart {"starts":64,"plays":16,"ok":16,"owners":1,"requests":0,"ready":[{"id":"LVL-0016:italyCommonSwift","sound":true,"ready":true},{"id":"LVL-0016:italyCommonSwift-copy","sound":true,"ready":true},{"id":"LVL-0016:italyCommonSwift-copy-copy","sound":true,"ready":true},{"id":"LVL-0016:italyCommonSwift-copy-2","sound":true,"ready":true}]}
healthy level-transition {"starts":65,"plays":17,"ok":17,"owners":1,"requests":0,"ready":[{"id":"LVL-0032:arc_wasp2","sound":true,"ready":true}]}
healthy synthetic-hidden {"starts":65,"plays":17,"ok":17,"owners":0,"requests":0,"ready":[{"id":"LVL-0032:arc_wasp2","sound":true,"ready":true}]}
healthy synthetic-visible {"starts":66,"plays":18,"ok":18,"owners":1,"requests":0,"ready":[{"id":"LVL-0032:arc_wasp2","sound":true,"ready":true}]}
healthy cancel-before-start {"starts":66,"plays":18,"ok":18,"owners":0,"requests":0,"ready":[]}
failed network-restored {"starts":8,"plays":0,"ok":0,"owners":0,"requests":1,"ready":[{"id":"LVL-0016:italyCommonSwift","sound":false,"ready":true},{"id":"LVL-0016:italyCommonSwift-copy","sound":false,"ready":true},{"id":"LVL-0016:italyCommonSwift-copy-copy","sound":false,"ready":true},{"id":"LVL-0016:italyCommonSwift-copy-2","sound":false,"ready":true}]}
failed reentry-still-rejected {"starts":16,"plays":0,"ok":0,"owners":0,"requests":1,"ready":[{"id":"LVL-0016:italyCommonSwift","sound":false,"ready":true},{"id":"LVL-0016:italyCommonSwift-copy","sound":false,"ready":true},{"id":"LVL-0016:italyCommonSwift-copy-copy","sound":false,"ready":true},{"id":"LVL-0016:italyCommonSwift-copy-2","sound":false,"ready":true}]}
delayed delayed-readiness {"starts":4,"plays":0,"ok":0,"owners":0,"requests":1,"ready":[{"id":"LVL-0016:italyCommonSwift","sound":true,"ready":true},{"id":"LVL-0016:italyCommonSwift-copy","sound":true,"ready":true},{"id":"LVL-0016:italyCommonSwift-copy-copy","sound":true,"ready":true},{"id":"LVL-0016:italyCommonSwift-copy-2","sound":true,"ready":true}]}
delayed released-audio {"starts":8,"plays":1,"ok":1,"owners":0,"requests":2,"ready":[{"id":"LVL-0016:italyCommonSwift","sound":true,"ready":true},{"id":"LVL-0016:italyCommonSwift-copy","sound":true,"ready":true},{"id":"LVL-0016:italyCommonSwift-copy-copy","sound":true,"ready":true},{"id":"LVL-0016:italyCommonSwift-copy-2","sound":true,"ready":true}]}
delayed delayed-menu-cleanup {"starts":8,"plays":1,"ok":1,"owners":0,"requests":2,"ready":[]}
healthy two-natural-groups {"starts":8,"plays":2,"ok":2,"owners":1,"requests":0,"ready":[{"id":"LVL-0016:italyCommonSwift","sound":true,"ready":true},{"id":"LVL-0016:italyCommonSwift-copy","sound":true,"ready":true},{"id":"LVL-0016:italyCommonSwift-copy-copy","sound":true,"ready":true},{"id":"LVL-0016:italyCommonSwift-copy-2","sound":true,"ready":true}]}
healthy fourteen-groups {"starts":56,"plays":14,"ok":14,"owners":1,"requests":0,"ready":[{"id":"LVL-0016:italyCommonSwift","sound":true,"ready":true},{"id":"LVL-0016:italyCommonSwift-copy","sound":true,"ready":true},{"id":"LVL-0016:italyCommonSwift-copy-copy","sound":true,"ready":true},{"id":"LVL-0016:italyCommonSwift-copy-2","sound":true,"ready":true}]}
healthy mute {"starts":56,"plays":14,"ok":14,"owners":1,"requests":0,"ready":[{"id":"LVL-0016:italyCommonSwift","sound":true,"ready":true},{"id":"LVL-0016:italyCommonSwift-copy","sound":true,"ready":true},{"id":"LVL-0016:italyCommonSwift-copy-copy","sound":true,"ready":true},{"id":"LVL-0016:italyCommonSwift-copy-2","sound":true,"ready":true}]}
healthy unmute {"starts":56,"plays":14,"ok":14,"owners":1,"requests":0,"ready":[{"id":"LVL-0016:italyCommonSwift","sound":true,"ready":true},{"id":"LVL-0016:italyCommonSwift-copy","sound":true,"ready":true},{"id":"LVL-0016:italyCommonSwift-copy-copy","sound":true,"ready":true},{"id":"LVL-0016:italyCommonSwift-copy-2","sound":true,"ready":true}]}
healthy menu-cleanup {"starts":56,"plays":14,"ok":14,"owners":0,"requests":0,"ready":[]}
healthy reentry {"starts":60,"plays":15,"ok":15,"owners":1,"requests":0,"ready":[{"id":"LVL-0016:italyCommonSwift","sound":true,"ready":true},{"id":"LVL-0016:italyCommonSwift-copy","sound":true,"ready":true},{"id":"LVL-0016:italyCommonSwift-copy-copy","sound":true,"ready":true},{"id":"LVL-0016:italyCommonSwift-copy-2","sound":true,"ready":true}]}
healthy restart {"starts":64,"plays":16,"ok":16,"owners":1,"requests":0,"ready":[{"id":"LVL-0016:italyCommonSwift","sound":true,"ready":true},{"id":"LVL-0016:italyCommonSwift-copy","sound":true,"ready":true},{"id":"LVL-0016:italyCommonSwift-copy-copy","sound":true,"ready":true},{"id":"LVL-0016:italyCommonSwift-copy-2","sound":true,"ready":true}]}
healthy level-transition {"starts":65,"plays":17,"ok":17,"owners":1,"requests":0,"ready":[{"id":"LVL-0032:arc_wasp2","sound":true,"ready":true}]}
healthy synthetic-hidden {"starts":65,"plays":17,"ok":17,"owners":0,"requests":0,"ready":[{"id":"LVL-0032:arc_wasp2","sound":true,"ready":true}]}
healthy synthetic-visible {"starts":66,"plays":18,"ok":18,"owners":1,"requests":0,"ready":[{"id":"LVL-0032:arc_wasp2","sound":true,"ready":true}]}
healthy cancel-before-start {"starts":66,"plays":18,"ok":18,"owners":0,"requests":0,"ready":[]}
failed network-restored {"starts":8,"plays":2,"ok":2,"owners":1,"requests":0,"ready":[{"id":"LVL-0016:italyCommonSwift","sound":true,"ready":true},{"id":"LVL-0016:italyCommonSwift-copy","sound":true,"ready":true},{"id":"LVL-0016:italyCommonSwift-copy-copy","sound":true,"ready":true},{"id":"LVL-0016:italyCommonSwift-copy-2","sound":true,"ready":true}]}
failed reentry-still-rejected {"starts":16,"plays":4,"ok":4,"owners":1,"requests":0,"ready":[{"id":"LVL-0016:italyCommonSwift","sound":true,"ready":true},{"id":"LVL-0016:italyCommonSwift-copy","sound":true,"ready":true},{"id":"LVL-0016:italyCommonSwift-copy-copy","sound":true,"ready":true},{"id":"LVL-0016:italyCommonSwift-copy-2","sound":true,"ready":true}]}
delayed delayed-readiness {"starts":4,"plays":1,"ok":1,"owners":1,"requests":0,"ready":[{"id":"LVL-0016:italyCommonSwift","sound":true,"ready":true},{"id":"LVL-0016:italyCommonSwift-copy","sound":true,"ready":true},{"id":"LVL-0016:italyCommonSwift-copy-copy","sound":true,"ready":true},{"id":"LVL-0016:italyCommonSwift-copy-2","sound":true,"ready":true}]}
delayed released-audio {"starts":8,"plays":2,"ok":2,"owners":0,"requests":0,"ready":[{"id":"LVL-0016:italyCommonSwift","sound":true,"ready":true},{"id":"LVL-0016:italyCommonSwift-copy","sound":true,"ready":true},{"id":"LVL-0016:italyCommonSwift-copy-copy","sound":true,"ready":true},{"id":"LVL-0016:italyCommonSwift-copy-2","sound":true,"ready":true}]}
delayed delayed-menu-cleanup {"starts":8,"plays":2,"ok":2,"owners":0,"requests":0,"ready":[]}
