chromium 1 baseline {"fps":57.457505386572805,"cpu":0.2722906733946648,"frames":144,"passes":432,"draws":432,"uploads":{},"liveTextures":18,"buffers":6}
chromium 1 grading {"fps":57.15873456885588,"cpu":0.3880201812776674,"frames":144,"passes":864,"draws":1584,"uploads":{"backgroundAtmosphere":144,"worldAtmosphere":144,"worldLight":144,"foregroundAtmosphere":144},"liveTextures":24,"buffers":14}
chromium 1 grading-off {"fps":57.57395275016354,"cpu":0.24254675953071125,"frames":58,"passes":174,"draws":174,"uploads":{},"liveTextures":5,"buffers":6}
chromium 1 lights {"fps":57.25873792184926,"cpu":0.3851472582351064,"frames":144,"passes":864,"draws":1584,"uploads":{"backgroundAtmosphere":144,"worldAtmosphere":144,"worldLight":144,"foregroundAtmosphere":144},"liveTextures":24,"buffers":14}
chromium 1 lights-off {"fps":57.255676209279365,"cpu":0.2275104685996935,"frames":58,"passes":174,"draws":174,"uploads":{},"liveTextures":5,"buffers":6}
chromium 1 both {"fps":56.91995382723784,"cpu":0.38324202827851667,"frames":143,"passes":858,"draws":1573,"uploads":{"backgroundAtmosphere":143,"worldAtmosphere":143,"worldLight":143,"foregroundAtmosphere":143},"liveTextures":25,"buffers":14}
chromium 1 both-off {"fps":58.20262405033693,"cpu":0.22901759972574373,"frames":59,"passes":177,"draws":177,"uploads":{},"liveTextures":5,"buffers":6}
chromium 1 depth {"fps":57.48273521994574,"cpu":0.3764165253947815,"frames":144,"passes":864,"draws":1584,"uploads":{"backgroundAtmosphere":144,"worldAtmosphere":144,"worldLight":144,"foregroundAtmosphere":144},"liveTextures":24,"buffers":14}
chromium 1 depth-off {"fps":57.11472181191531,"cpu":0.26064806539063806,"frames":58,"passes":174,"draws":174,"uploads":{},"liveTextures":12,"buffers":6}
chromium 1 repeat-0-globalGrading-off {"fps":59.76636783337584,"cpu":0.2103793403413527,"frames":22,"passes":66,"draws":66,"uploads":{},"liveTextures":5,"buffers":6}
chromium 1 repeat-0-areaDirectionalLights-off {"fps":57.18954248551675,"cpu":0.2219815550152015,"frames":21,"passes":63,"draws":63,"uploads":{},"liveTextures":5,"buffers":6}
chromium 1 repeat-0-sceneDepth-off {"fps":57.111775903806894,"cpu":0.20126002173408172,"frames":21,"passes":63,"draws":63,"uploads":{},"liveTextures":5,"buffers":6}
chromium 1 repeat-1-globalGrading-off {"fps":59.62521294920723,"cpu":0.22446725984640506,"frames":21,"passes":63,"draws":63,"uploads":{},"liveTextures":5,"buffers":6}
chromium 1 repeat-1-areaDirectionalLights-off {"fps":58.011049723756905,"cpu":0.2088766194041092,"frames":21,"passes":63,"draws":63,"uploads":{},"liveTextures":5,"buffers":6}
chromium 1 repeat-1-sceneDepth-off {"fps":57.708161581907206,"cpu":0.20907435926145085,"frames":21,"passes":63,"draws":63,"uploads":{},"liveTextures":5,"buffers":6}
chromium 1 repeat-2-globalGrading-off {"fps":57.73989551781117,"cpu":0.191765231804044,"frames":21,"passes":63,"draws":63,"uploads":{},"liveTextures":5,"buffers":6}
chromium 1 repeat-2-areaDirectionalLights-off {"fps":58.44698023983909,"cpu":0.2154055021456416,"frames":21,"passes":63,"draws":63,"uploads":{},"liveTextures":7,"buffers":6}
chromium 1 repeat-2-sceneDepth-off {"fps":58.17174515235457,"cpu":0.19147033364183766,"frames":21,"passes":63,"draws":63,"uploads":{},"liveTextures":5,"buffers":6}
chromium 1 depth-producers-paused {"fps":57.67487847065017,"cpu":0.436336321236462,"frames":70,"passes":420,"draws":770,"uploads":{"backgroundAtmosphere":70,"worldAtmosphere":70,"worldLight":70,"foregroundAtmosphere":70},"liveTextures":20,"buffers":14}
chromium 2 baseline {"fps":57.02663901752269,"cpu":0.24716520749434445,"frames":143,"passes":429,"draws":429,"uploads":{},"liveTextures":18,"buffers":6}
chromium 2 grading {"fps":57.106345593023214,"cpu":0.3912152121897587,"frames":143,"passes":858,"draws":1573,"uploads":{"backgroundAtmosphere":143,"worldAtmosphere":143,"worldLight":143,"foregroundAtmosphere":143},"liveTextures":25,"buffers":14}
chromium 2 grading-off {"fps":57.82075565780544,"cpu":0.2179221145723638,"frames":58,"passes":174,"draws":174,"uploads":{},"liveTextures":5,"buffers":6}
chromium 2 lights {"fps":57.22005880964041,"cpu":0.3571515606383318,"frames":144,"passes":864,"draws":1584,"uploads":{"backgroundAtmosphere":144,"worldAtmosphere":144,"worldLight":144,"foregroundAtmosphere":144},"liveTextures":25,"buffers":14}
chromium 2 lights-off {"fps":56.91854759568204,"cpu":0.1932584214523958,"frames":58,"passes":174,"draws":174,"uploads":{},"liveTextures":14,"buffers":6}
chromium 2 both {"fps":56.958495977192506,"cpu":0.3222190535354547,"frames":143,"passes":858,"draws":1573,"uploads":{"backgroundAtmosphere":143,"worldAtmosphere":143,"worldLight":143,"foregroundAtmosphere":143},"liveTextures":25,"buffers":14}
chromium 2 both-off {"fps":57.312252964426875,"cpu":0.22339556737699354,"frames":58,"passes":174,"draws":174,"uploads":{},"liveTextures":18,"buffers":6}
chromium 2 depth {"fps":57.15427657873701,"cpu":0.36296506420667285,"frames":143,"passes":858,"draws":1573,"uploads":{"backgroundAtmosphere":143,"worldAtmosphere":143,"worldLight":143,"foregroundAtmosphere":143},"liveTextures":25,"buffers":14}
chromium 2 depth-off {"fps":57.8495910635795,"cpu":0.22592712404636847,"frames":58,"passes":174,"draws":174,"uploads":{},"liveTextures":8,"buffers":6}
chromium 2 repeat-0-globalGrading-off {"fps":58.0270793051086,"cpu":0.21413853527450954,"frames":21,"passes":63,"draws":63,"uploads":{},"liveTextures":5,"buffers":6}
chromium 2 repeat-0-areaDirectionalLights-off {"fps":58.75769445900889,"cpu":0.22020541940258737,"frames":21,"passes":63,"draws":63,"uploads":{},"liveTextures":5,"buffers":6}
chromium 2 repeat-0-sceneDepth-off {"fps":58.51212036681873,"cpu":0.1997264210131868,"frames":21,"passes":63,"draws":63,"uploads":{},"liveTextures":5,"buffers":6}
chromium 2 repeat-1-globalGrading-off {"fps":59.18827508505185,"cpu":0.21258018575207377,"frames":21,"passes":63,"draws":63,"uploads":{},"liveTextures":9,"buffers":6}
chromium 2 repeat-1-areaDirectionalLights-off {"fps":58.98876404494382,"cpu":0.2232281130240155,"frames":21,"passes":63,"draws":63,"uploads":{},"liveTextures":5,"buffers":6}
chromium 2 repeat-1-sceneDepth-off {"fps":57.534246575342465,"cpu":0.21134335700276186,"frames":21,"passes":63,"draws":63,"uploads":{},"liveTextures":5,"buffers":6}
chromium 2 repeat-2-globalGrading-off {"fps":57.534246575342465,"cpu":0.2297759211804364,"frames":21,"passes":63,"draws":63,"uploads":{},"liveTextures":5,"buffers":6}
chromium 2 repeat-2-areaDirectionalLights-off {"fps":57.43982494623186,"cpu":0.23046083968436287,"frames":21,"passes":63,"draws":63,"uploads":{},"liveTextures":5,"buffers":6}
chromium 2 repeat-2-sceneDepth-off {"fps":59.64214711578176,"cpu":0.24875186503359487,"frames":21,"passes":63,"draws":63,"uploads":{},"liveTextures":5,"buffers":6}
chromium 2 depth-producers-paused {"fps":57.17126522467415,"cpu":0.39003722837514637,"frames":69,"passes":414,"draws":759,"uploads":{"backgroundAtmosphere":69,"worldAtmosphere":69,"worldLight":69,"foregroundAtmosphere":69},"liveTextures":17,"buffers":14}
webkit 2 baseline {"fps":4.696673189823876,"cpu":0,"frames":0,"passes":0,"draws":0,"uploads":{},"liveTextures":0,"buffers":0}
webkit 2 grading {"fps":4.73559589581689,"cpu":0,"frames":0,"passes":0,"draws":0,"uploads":{},"liveTextures":0,"buffers":0}
webkit 2 grading-off {"fps":4.979253112033195,"cpu":0,"frames":0,"passes":0,"draws":0,"uploads":{},"liveTextures":0,"buffers":0}
webkit 2 lights {"fps":4.68566966028895,"cpu":0,"frames":0,"passes":0,"draws":0,"uploads":{},"liveTextures":0,"buffers":0}
webkit 2 lights-off {"fps":4.909983633387888,"cpu":0,"frames":0,"passes":0,"draws":0,"uploads":{},"liveTextures":0,"buffers":0}
webkit 2 both {"fps":4.64756003098374,"cpu":0,"frames":0,"passes":0,"draws":0,"uploads":{},"liveTextures":0,"buffers":0}
webkit 2 both-off {"fps":4.905968928863451,"cpu":0,"frames":0,"passes":0,"draws":0,"uploads":{},"liveTextures":0,"buffers":0}
webkit 2 depth {"fps":4.834510970621048,"cpu":0,"frames":0,"passes":0,"draws":0,"uploads":{},"liveTextures":0,"buffers":0}
webkit 2 depth-off {"fps":5.163511187607573,"cpu":0,"frames":0,"passes":0,"draws":0,"uploads":{},"liveTextures":0,"buffers":0}
webkit 2 repeat-0-globalGrading-off {"fps":6.198347107438017,"cpu":0,"frames":0,"passes":0,"draws":0,"uploads":{},"liveTextures":0,"buffers":0}
webkit 2 repeat-0-areaDirectionalLights-off {"fps":5.1020408163265305,"cpu":0,"frames":0,"passes":0,"draws":0,"uploads":{},"liveTextures":0,"buffers":0}
webkit 2 repeat-0-sceneDepth-off {"fps":4.7281323877068555,"cpu":0,"frames":0,"passes":0,"draws":0,"uploads":{},"liveTextures":0,"buffers":0}
webkit 2 repeat-1-globalGrading-off {"fps":4.329004329004329,"cpu":0,"frames":0,"passes":0,"draws":0,"uploads":{},"liveTextures":0,"buffers":0}
webkit 2 repeat-1-areaDirectionalLights-off {"fps":6.493506493506596,"cpu":0,"frames":0,"passes":0,"draws":0,"uploads":{},"liveTextures":0,"buffers":0}
webkit 2 repeat-1-sceneDepth-off {"fps":5.3667262969587854,"cpu":0,"frames":0,"passes":0,"draws":0,"uploads":{},"liveTextures":0,"buffers":0}
webkit 2 repeat-2-globalGrading-off {"fps":5.545286506469501,"cpu":0,"frames":0,"passes":0,"draws":0,"uploads":{},"liveTextures":0,"buffers":0}
webkit 2 repeat-2-areaDirectionalLights-off {"fps":4.629629629629552,"cpu":0,"frames":0,"passes":0,"draws":0,"uploads":{},"liveTextures":0,"buffers":0}
webkit 2 repeat-2-sceneDepth-off {"fps":5.660377358490488,"cpu":0,"frames":0,"passes":0,"draws":0,"uploads":{},"liveTextures":0,"buffers":0}
FIREFOX C:\Users\andre\AppData\Local\ms-playwright\firefox-1522\firefox\firefox.exe true
page.waitForFunction: Timeout 45000ms exceeded.
    at configure (D:\DevProjects\SvenAdventure\audit-graphics.cjs:26:237)
    at async run (D:\DevProjects\SvenAdventure\audit-graphics.cjs:29:50)
    at async D:\DevProjects\SvenAdventure\audit-graphics.cjs:36:186 {
  name: 'TimeoutError'
}
