
Running 5 tests using 1 worker

(node:47424) Warning: The 'NO_COLOR' env is ignored due to the 'FORCE_COLOR' env being set.
(Use `node --trace-warnings ...` to show where the warning was created)
(node:47424) Warning: The 'NO_COLOR' env is ignored due to the 'FORCE_COLOR' env being set.
(Use `node --trace-warnings ...` to show where the warning was created)
  ok 1 [desktop-chromium] › tests\cinematic-sharpness.spec.js:9:4 › Cinematic preserves sprite resolution and lighting at desktop (5.2s)
  ok 2 [desktop-chromium] › tests\cinematic-sharpness.spec.js:9:4 › Cinematic preserves sprite resolution and lighting at desktop-wide (5.5s)
  ok 3 [desktop-chromium] › tests\cinematic-sharpness.spec.js:9:4 › Cinematic preserves sprite resolution and lighting at tablet-landscape (5.7s)
  ok 4 [desktop-chromium] › tests\cinematic-sharpness.spec.js:9:4 › Cinematic preserves sprite resolution and lighting at tablet-portrait (6.4s)
  x  5 [desktop-chromium] › tests\illustrated-features.spec.js:54:1 › selected GPU passes, combinations, recovery and measured tablet cost (13.0s)


  1) [desktop-chromium] › tests\illustrated-features.spec.js:54:1 › selected GPU passes, combinations, recovery and measured tablet cost 

    Error: [2mexpect([22m[31mreceived[39m[2m).[22mtoEqual[2m([22m[32mexpected[39m[2m) // deep equality[22m

    [32m- Expected  -  1[39m
    [31m+ Received  + 47[39m

    [32m- Array [][39m
    [31m+ Array [[39m
    [31m+   "Failed to load resource: net::ERR_FILE_NOT_FOUND",[39m
    [31m+   "Failed to load resource: net::ERR_FILE_NOT_FOUND",[39m
    [31m+   "Failed to load resource: net::ERR_FILE_NOT_FOUND",[39m
    [31m+   "Failed to load resource: net::ERR_FILE_NOT_FOUND",[39m
    [31m+   "Failed to load resource: net::ERR_FILE_NOT_FOUND",[39m
    [31m+   "Failed to load resource: net::ERR_FILE_NOT_FOUND",[39m
    [31m+   "Failed to load resource: net::ERR_FILE_NOT_FOUND",[39m
    [31m+   "Failed to load resource: net::ERR_FILE_NOT_FOUND",[39m
    [31m+   "Failed to load resource: net::ERR_FILE_NOT_FOUND",[39m
    [31m+   "Failed to load resource: net::ERR_FILE_NOT_FOUND",[39m
    [31m+   "Failed to load resource: net::ERR_FILE_NOT_FOUND",[39m
    [31m+   "Failed to load resource: net::ERR_FILE_NOT_FOUND",[39m
    [31m+   "Failed to load resource: net::ERR_FILE_NOT_FOUND",[39m
    [31m+   "Failed to load resource: net::ERR_FILE_NOT_FOUND",[39m
    [31m+   "Failed to load resource: net::ERR_FILE_NOT_FOUND",[39m
    [31m+   "Failed to load resource: net::ERR_FILE_NOT_FOUND",[39m
    [31m+   "Failed to load resource: net::ERR_FILE_NOT_FOUND",[39m
    [31m+   "Failed to load resource: net::ERR_FILE_NOT_FOUND",[39m
    [31m+   "Failed to load resource: net::ERR_FILE_NOT_FOUND",[39m
    [31m+   "Failed to load resource: net::ERR_FILE_NOT_FOUND",[39m
    [31m+   "Failed to load resource: net::ERR_FILE_NOT_FOUND",[39m
    [31m+   "Failed to load resource: net::ERR_FILE_NOT_FOUND",[39m
    [31m+   "Failed to load resource: net::ERR_FILE_NOT_FOUND",[39m
    [31m+   "Failed to load resource: net::ERR_FILE_NOT_FOUND",[39m
    [31m+   "Failed to load resource: net::ERR_FILE_NOT_FOUND",[39m
    [31m+   "Failed to load resource: net::ERR_FILE_NOT_FOUND",[39m
    [31m+   "Failed to load resource: net::ERR_FILE_NOT_FOUND",[39m
    [31m+   "Failed to load resource: net::ERR_FILE_NOT_FOUND",[39m
    [31m+   "Failed to load resource: net::ERR_FILE_NOT_FOUND",[39m
    [31m+   "Failed to load resource: net::ERR_FILE_NOT_FOUND",[39m
    [31m+   "Failed to load resource: net::ERR_FILE_NOT_FOUND",[39m
    [31m+   "Failed to load resource: net::ERR_FILE_NOT_FOUND",[39m
    [31m+   "Failed to load resource: net::ERR_FILE_NOT_FOUND",[39m
    [31m+   "Failed to load resource: net::ERR_FILE_NOT_FOUND",[39m
    [31m+   "Failed to load resource: net::ERR_FILE_NOT_FOUND",[39m
    [31m+   "Failed to load resource: net::ERR_FILE_NOT_FOUND",[39m
    [31m+   "Failed to load resource: net::ERR_FILE_NOT_FOUND",[39m
    [31m+   "Failed to load resource: net::ERR_FILE_NOT_FOUND",[39m
    [31m+   "Failed to load resource: net::ERR_FILE_NOT_FOUND",[39m
    [31m+   "Failed to load resource: net::ERR_FILE_NOT_FOUND",[39m
    [31m+   "Failed to load resource: net::ERR_FILE_NOT_FOUND",[39m
    [31m+   "Failed to load resource: net::ERR_FILE_NOT_FOUND",[39m
    [31m+   "Failed to load resource: net::ERR_FILE_NOT_FOUND",[39m
    [31m+   "Failed to load resource: net::ERR_FILE_NOT_FOUND",[39m
    [31m+   "Failed to load resource: net::ERR_FILE_NOT_FOUND",[39m
    [31m+ ][39m

      86 |  expect(await page.evaluate(()=>window.eval('worldResolver').levelSettings('LVL-0034').cinematicLighting)).toEqual(authored);
      87 |  await flags(page,off);await expect.poll(async()=>(await snap(page)).renderTargets).toBe(0);expect((await snap(page)).depthCached).toBe(0);
    > 88 |  expect(errors).toEqual([]);fs.writeFileSync(info.outputPath('performance.json'),JSON.stringify(metrics,null,2));await info.attach('performance.json',{body:JSON.stringify(metrics,null,2),contentType:'application/json'});
         |                 ^
      89 | });
      90 |
      91 |
        at D:\DevProjects\SvenAdventure\tests\illustrated-features.spec.js:88:17

    Error Context: test-results\illustrated-features-selec-ec314-ry-and-measured-tablet-cost-desktop-chromium\error-context.md

  1 failed
    [desktop-chromium] › tests\illustrated-features.spec.js:54:1 › selected GPU passes, combinations, recovery and measured tablet cost 
  4 passed (36.4s)
