
Running 7 tests using 1 worker

(node:34308) Warning: The 'NO_COLOR' env is ignored due to the 'FORCE_COLOR' env being set.
(Use `node --trace-warnings ...` to show where the warning was created)
(node:34308) Warning: The 'NO_COLOR' env is ignored due to the 'FORCE_COLOR' env being set.
(Use `node --trace-warnings ...` to show where the warning was created)
  ok 1 [desktop-chromium] › tests\graphics-world-switch.spec.js:3:1 › desktop world switching uses one device and the correct worlds and quality (1.6m)
  ok 2 [desktop-chromium] › tests\three-cleanup.spec.js:25:1 › a throwing renderer disposer cannot retain the owned device or hide the startup error (6.2s)
  ok 3 [desktop-chromium] › tests\three-gpu-pressure.spec.js:5:115 › desktop-high: Cinematic to compact 3D to Cinematic, failure none (1.5m)
  ok 4 [desktop-chromium] › tests\three-gpu-pressure.spec.js:5:115 › tablet-optimized: Cinematic to compact 3D to Cinematic, failure none (1.2m)
  ok 5 [desktop-chromium] › tests\three-preparation.spec.js:5:1 › compact preparation retains full pipeline coverage and final resolution (25.8s)
Tablet 734, entry 1: preparation started
Tablet 734, entry 1: ready, 4 frames prepared
Tablet 734, entry 2: preparation started
Tablet 734, entry 2: ready, 4 frames prepared
  ok 6 [desktop-chromium] › tests\three-tablet-acceptance.spec.js:7:31 › Tablet Optimized real GPU acceptance: 1180x734 (1.5m)
Tablet 689, entry 1: preparation started
Tablet 689, entry 1: ready, 4 frames prepared
Tablet 689, entry 2: preparation started
Tablet 689, entry 2: ready, 4 frames prepared
  ok 7 [desktop-chromium] › tests\three-tablet-acceptance.spec.js:7:31 › Tablet Optimized real GPU acceptance: 1180x689 (1.5m)

  7 passed (7.8m)
