
Running 18 tests using 1 worker

(node:36280) Warning: The 'NO_COLOR' env is ignored due to the 'FORCE_COLOR' env being set.
(Use `node --trace-warnings ...` to show where the warning was created)
(node:36280) Warning: The 'NO_COLOR' env is ignored due to the 'FORCE_COLOR' env being set.
(Use `node --trace-warnings ...` to show where the warning was created)
  x   1 [desktop-chromium] › tests\session-report.spec.js:43:3 › Atlas Session Report v0.1 › starts on adventure selection and ends on return to menu (5.2s)
(node:22572) Warning: The 'NO_COLOR' env is ignored due to the 'FORCE_COLOR' env being set.
(Use `node --trace-warnings ...` to show where the warning was created)
(node:22572) Warning: The 'NO_COLOR' env is ignored due to the 'FORCE_COLOR' env being set.
(Use `node --trace-warnings ...` to show where the warning was created)
  x   2 [desktop-chromium] › tests\session-report.spec.js:63:3 › Atlas Session Report v0.1 › pauses active time after two minutes without activity (5.2s)
(node:44140) Warning: The 'NO_COLOR' env is ignored due to the 'FORCE_COLOR' env being set.
(Use `node --trace-warnings ...` to show where the warning was created)
(node:44140) Warning: The 'NO_COLOR' env is ignored due to the 'FORCE_COLOR' env being set.
(Use `node --trace-warnings ...` to show where the warning was created)
  ok  3 [desktop-chromium] › tests\session-report.spec.js:86:3 › Atlas Session Report v0.1 › maps tables, division, stories and clocks to the four report categories (516ms)
  x   4 [desktop-chromium] › tests\session-report.spec.js:108:3 › Atlas Session Report v0.1 › records attempts, hints, assistance and response time from the learning flow (5.2s)
(node:35452) Warning: The 'NO_COLOR' env is ignored due to the 'FORCE_COLOR' env being set.
(Use `node --trace-warnings ...` to show where the warning was created)
(node:35452) Warning: The 'NO_COLOR' env is ignored due to the 'FORCE_COLOR' env being set.
(Use `node --trace-warnings ...` to show where the warning was created)
  ok  5 [desktop-chromium] › tests\session-report.spec.js:148:3 › Atlas Session Report v0.1 › keeps three unchecked sessions and never overwrites them (533ms)
  x   6 [desktop-chromium] › tests\session-report.spec.js:160:3 › Atlas Session Report v0.1 › deletes only the confirmed session (5.1s)
(node:43292) Warning: The 'NO_COLOR' env is ignored due to the 'FORCE_COLOR' env being set.
(Use `node --trace-warnings ...` to show where the warning was created)
(node:43292) Warning: The 'NO_COLOR' env is ignored due to the 'FORCE_COLOR' env being set.
(Use `node --trace-warnings ...` to show where the warning was created)
  x   7 [desktop-chromium] › tests\session-report.spec.js:175:3 › Atlas Session Report v0.1 › does not collect in ordinary Playwright, editor, or debug completion (6.5s)
(node:44044) Warning: The 'NO_COLOR' env is ignored due to the 'FORCE_COLOR' env being set.
(Use `node --trace-warnings ...` to show where the warning was created)
(node:44044) Warning: The 'NO_COLOR' env is ignored due to the 'FORCE_COLOR' env being set.
(Use `node --trace-warnings ...` to show where the warning was created)
  x   8 [desktop-chromium] › tests\session-report.spec.js:201:3 › Atlas Session Report v0.1 › lays out the menu control and progress report within the viewport (5.2s)
(node:43924) Warning: The 'NO_COLOR' env is ignored due to the 'FORCE_COLOR' env being set.
(Use `node --trace-warnings ...` to show where the warning was created)
(node:43924) Warning: The 'NO_COLOR' env is ignored due to the 'FORCE_COLOR' env being set.
(Use `node --trace-warnings ...` to show where the warning was created)
  x   9 [desktop-chromium] › tests\session-report.spec.js:223:3 › Atlas Session Report v0.1 › scrolls a long report to the real bottom without making the page itself scrollable (5.2s)
(node:43840) Warning: The 'NO_COLOR' env is ignored due to the 'FORCE_COLOR' env being set.
(Use `node --trace-warnings ...` to show where the warning was created)
(node:43840) Warning: The 'NO_COLOR' env is ignored due to the 'FORCE_COLOR' env being set.
(Use `node --trace-warnings ...` to show where the warning was created)
  x  10 [ipad-landscape] › tests\session-report.spec.js:43:3 › Atlas Session Report v0.1 › starts on adventure selection and ends on return to menu (5.2s)
(node:42668) Warning: The 'NO_COLOR' env is ignored due to the 'FORCE_COLOR' env being set.
(Use `node --trace-warnings ...` to show where the warning was created)
(node:42668) Warning: The 'NO_COLOR' env is ignored due to the 'FORCE_COLOR' env being set.
(Use `node --trace-warnings ...` to show where the warning was created)
  x  11 [ipad-landscape] › tests\session-report.spec.js:63:3 › Atlas Session Report v0.1 › pauses active time after two minutes without activity (5.2s)
(node:40788) Warning: The 'NO_COLOR' env is ignored due to the 'FORCE_COLOR' env being set.
(Use `node --trace-warnings ...` to show where the warning was created)
(node:40788) Warning: The 'NO_COLOR' env is ignored due to the 'FORCE_COLOR' env being set.
(Use `node --trace-warnings ...` to show where the warning was created)
  x  12 [ipad-landscape] › tests\session-report.spec.js:86:3 › Atlas Session Report v0.1 › maps tables, division, stories and clocks to the four report categories (5.2s)
(node:8560) Warning: The 'NO_COLOR' env is ignored due to the 'FORCE_COLOR' env being set.
(Use `node --trace-warnings ...` to show where the warning was created)
(node:8560) Warning: The 'NO_COLOR' env is ignored due to the 'FORCE_COLOR' env being set.
(Use `node --trace-warnings ...` to show where the warning was created)
  x  13 [ipad-landscape] › tests\session-report.spec.js:108:3 › Atlas Session Report v0.1 › records attempts, hints, assistance and response time from the learning flow (5.2s)
(node:44128) Warning: The 'NO_COLOR' env is ignored due to the 'FORCE_COLOR' env being set.
(Use `node --trace-warnings ...` to show where the warning was created)
(node:44128) Warning: The 'NO_COLOR' env is ignored due to the 'FORCE_COLOR' env being set.
(Use `node --trace-warnings ...` to show where the warning was created)
  x  14 [ipad-landscape] › tests\session-report.spec.js:148:3 › Atlas Session Report v0.1 › keeps three unchecked sessions and never overwrites them (5.2s)
(node:3620) Warning: The 'NO_COLOR' env is ignored due to the 'FORCE_COLOR' env being set.
(Use `node --trace-warnings ...` to show where the warning was created)
(node:3620) Warning: The 'NO_COLOR' env is ignored due to the 'FORCE_COLOR' env being set.
(Use `node --trace-warnings ...` to show where the warning was created)
  x  15 [ipad-landscape] › tests\session-report.spec.js:160:3 › Atlas Session Report v0.1 › deletes only the confirmed session (5.2s)
(node:34308) Warning: The 'NO_COLOR' env is ignored due to the 'FORCE_COLOR' env being set.
(Use `node --trace-warnings ...` to show where the warning was created)
(node:34308) Warning: The 'NO_COLOR' env is ignored due to the 'FORCE_COLOR' env being set.
(Use `node --trace-warnings ...` to show where the warning was created)
  x  16 [ipad-landscape] › tests\session-report.spec.js:175:3 › Atlas Session Report v0.1 › does not collect in ordinary Playwright, editor, or debug completion (5.2s)
(node:26252) Warning: The 'NO_COLOR' env is ignored due to the 'FORCE_COLOR' env being set.
(Use `node --trace-warnings ...` to show where the warning was created)
(node:26252) Warning: The 'NO_COLOR' env is ignored due to the 'FORCE_COLOR' env being set.
(Use `node --trace-warnings ...` to show where the warning was created)
  x  17 [ipad-landscape] › tests\session-report.spec.js:201:3 › Atlas Session Report v0.1 › lays out the menu control and progress report within the viewport (5.2s)
(node:4204) Warning: The 'NO_COLOR' env is ignored due to the 'FORCE_COLOR' env being set.
(Use `node --trace-warnings ...` to show where the warning was created)
(node:4204) Warning: The 'NO_COLOR' env is ignored due to the 'FORCE_COLOR' env being set.
(Use `node --trace-warnings ...` to show where the warning was created)
  x  18 [ipad-landscape] › tests\session-report.spec.js:223:3 › Atlas Session Report v0.1 › scrolls a long report to the real bottom without making the page itself scrollable (5.3s)


  1) [desktop-chromium] › tests\session-report.spec.js:43:3 › Atlas Session Report v0.1 › starts on adventure selection and ends on return to menu 

    Error: [2mexpect([22m[31mlocator[39m[2m).[22mtoBeVisible[2m([22m[2m)[22m failed

    Locator: getByRole('heading', { name: 'Kies een avontuur' })
    Expected: visible
    Timeout: 5000ms
    Error: element(s) not found

    Call log:
    [2m  - Expect "toBeVisible" with timeout 5000ms[22m
    [2m  - waiting for getByRole('heading', { name: 'Kies een avontuur' })[22m


      18 |     await page.getByRole("button", { name: "Start avontuur", exact: true }).click();
      19 |   }
    > 20 |   await expect(page.getByRole("heading", { name: "Kies een avontuur" })).toBeVisible();
         |                                                                          ^
      21 | }
      22 |
      23 | async function startHeroAdventure(page) {
        at enterMenu (D:\DevProjects\SvenAdventure\tests\session-report.spec.js:20:74)
        at cleanOpen (D:\DevProjects\SvenAdventure\tests\session-report.spec.js:13:3)
        at D:\DevProjects\SvenAdventure\tests\session-report.spec.js:44:5

    Error Context: test-results-session\session-report-Atlas-Sessi-38491--and-ends-on-return-to-menu-desktop-chromium\error-context.md

  2) [desktop-chromium] › tests\session-report.spec.js:63:3 › Atlas Session Report v0.1 › pauses active time after two minutes without activity 

    Error: [2mexpect([22m[31mlocator[39m[2m).[22mtoBeVisible[2m([22m[2m)[22m failed

    Locator: getByRole('heading', { name: 'Kies een avontuur' })
    Expected: visible
    Timeout: 5000ms
    Error: element(s) not found

    Call log:
    [2m  - Expect "toBeVisible" with timeout 5000ms[22m
    [2m  - waiting for getByRole('heading', { name: 'Kies een avontuur' })[22m


      18 |     await page.getByRole("button", { name: "Start avontuur", exact: true }).click();
      19 |   }
    > 20 |   await expect(page.getByRole("heading", { name: "Kies een avontuur" })).toBeVisible();
         |                                                                          ^
      21 | }
      22 |
      23 | async function startHeroAdventure(page) {
        at enterMenu (D:\DevProjects\SvenAdventure\tests\session-report.spec.js:20:74)
        at cleanOpen (D:\DevProjects\SvenAdventure\tests\session-report.spec.js:13:3)
        at D:\DevProjects\SvenAdventure\tests\session-report.spec.js:64:5

    Error Context: test-results-session\session-report-Atlas-Sessi-be8e6-wo-minutes-without-activity-desktop-chromium\error-context.md

  3) [desktop-chromium] › tests\session-report.spec.js:108:3 › Atlas Session Report v0.1 › records attempts, hints, assistance and response time from the learning flow 

    Error: [2mexpect([22m[31mlocator[39m[2m).[22mtoBeVisible[2m([22m[2m)[22m failed

    Locator: getByRole('heading', { name: 'Kies een avontuur' })
    Expected: visible
    Timeout: 5000ms
    Error: element(s) not found

    Call log:
    [2m  - Expect "toBeVisible" with timeout 5000ms[22m
    [2m  - waiting for getByRole('heading', { name: 'Kies een avontuur' })[22m


      18 |     await page.getByRole("button", { name: "Start avontuur", exact: true }).click();
      19 |   }
    > 20 |   await expect(page.getByRole("heading", { name: "Kies een avontuur" })).toBeVisible();
         |                                                                          ^
      21 | }
      22 |
      23 | async function startHeroAdventure(page) {
        at enterMenu (D:\DevProjects\SvenAdventure\tests\session-report.spec.js:20:74)
        at cleanOpen (D:\DevProjects\SvenAdventure\tests\session-report.spec.js:13:3)
        at D:\DevProjects\SvenAdventure\tests\session-report.spec.js:109:5

    Error Context: test-results-session\session-report-Atlas-Sessi-92054-time-from-the-learning-flow-desktop-chromium\error-context.md

  4) [desktop-chromium] › tests\session-report.spec.js:160:3 › Atlas Session Report v0.1 › deletes only the confirmed session 

    Error: [2mexpect([22m[31mlocator[39m[2m).[22mtoBeVisible[2m([22m[2m)[22m failed

    Locator: getByRole('heading', { name: 'Kies een avontuur' })
    Expected: visible
    Timeout: 5000ms
    Error: element(s) not found

    Call log:
    [2m  - Expect "toBeVisible" with timeout 5000ms[22m
    [2m  - waiting for getByRole('heading', { name: 'Kies een avontuur' })[22m


      18 |     await page.getByRole("button", { name: "Start avontuur", exact: true }).click();
      19 |   }
    > 20 |   await expect(page.getByRole("heading", { name: "Kies een avontuur" })).toBeVisible();
         |                                                                          ^
      21 | }
      22 |
      23 | async function startHeroAdventure(page) {
        at enterMenu (D:\DevProjects\SvenAdventure\tests\session-report.spec.js:20:74)
        at cleanOpen (D:\DevProjects\SvenAdventure\tests\session-report.spec.js:13:3)
        at D:\DevProjects\SvenAdventure\tests\session-report.spec.js:161:5

    Error Context: test-results-session\session-report-Atlas-Sessi-55830--only-the-confirmed-session-desktop-chromium\error-context.md

  5) [desktop-chromium] › tests\session-report.spec.js:175:3 › Atlas Session Report v0.1 › does not collect in ordinary Playwright, editor, or debug completion 

    Error: [2mexpect([22m[31mlocator[39m[2m).[22mtoBeVisible[2m([22m[2m)[22m failed

    Locator: getByRole('heading', { name: 'Kies een avontuur' })
    Expected: visible
    Timeout: 5000ms
    Error: element(s) not found

    Call log:
    [2m  - Expect "toBeVisible" with timeout 5000ms[22m
    [2m  - waiting for getByRole('heading', { name: 'Kies een avontuur' })[22m


      18 |     await page.getByRole("button", { name: "Start avontuur", exact: true }).click();
      19 |   }
    > 20 |   await expect(page.getByRole("heading", { name: "Kies een avontuur" })).toBeVisible();
         |                                                                          ^
      21 | }
      22 |
      23 | async function startHeroAdventure(page) {
        at enterMenu (D:\DevProjects\SvenAdventure\tests\session-report.spec.js:20:74)
        at cleanOpen (D:\DevProjects\SvenAdventure\tests\session-report.spec.js:13:3)
        at D:\DevProjects\SvenAdventure\tests\session-report.spec.js:182:5

    Error Context: test-results-session\session-report-Atlas-Sessi-e3cf5--editor-or-debug-completion-desktop-chromium\error-context.md

  6) [desktop-chromium] › tests\session-report.spec.js:201:3 › Atlas Session Report v0.1 › lays out the menu control and progress report within the viewport 

    Error: [2mexpect([22m[31mlocator[39m[2m).[22mtoBeVisible[2m([22m[2m)[22m failed

    Locator: getByRole('heading', { name: 'Kies een avontuur' })
    Expected: visible
    Timeout: 5000ms
    Error: element(s) not found

    Call log:
    [2m  - Expect "toBeVisible" with timeout 5000ms[22m
    [2m  - waiting for getByRole('heading', { name: 'Kies een avontuur' })[22m


      18 |     await page.getByRole("button", { name: "Start avontuur", exact: true }).click();
      19 |   }
    > 20 |   await expect(page.getByRole("heading", { name: "Kies een avontuur" })).toBeVisible();
         |                                                                          ^
      21 | }
      22 |
      23 | async function startHeroAdventure(page) {
        at enterMenu (D:\DevProjects\SvenAdventure\tests\session-report.spec.js:20:74)
        at cleanOpen (D:\DevProjects\SvenAdventure\tests\session-report.spec.js:13:3)
        at D:\DevProjects\SvenAdventure\tests\session-report.spec.js:202:5

    Error Context: test-results-session\session-report-Atlas-Sessi-0a9bc--report-within-the-viewport-desktop-chromium\error-context.md

  7) [desktop-chromium] › tests\session-report.spec.js:223:3 › Atlas Session Report v0.1 › scrolls a long report to the real bottom without making the page itself scrollable 

    Error: [2mexpect([22m[31mlocator[39m[2m).[22mtoBeVisible[2m([22m[2m)[22m failed

    Locator: getByRole('heading', { name: 'Kies een avontuur' })
    Expected: visible
    Timeout: 5000ms
    Error: element(s) not found

    Call log:
    [2m  - Expect "toBeVisible" with timeout 5000ms[22m
    [2m  - waiting for getByRole('heading', { name: 'Kies een avontuur' })[22m


      18 |     await page.getByRole("button", { name: "Start avontuur", exact: true }).click();
      19 |   }
    > 20 |   await expect(page.getByRole("heading", { name: "Kies een avontuur" })).toBeVisible();
         |                                                                          ^
      21 | }
      22 |
      23 | async function startHeroAdventure(page) {
        at enterMenu (D:\DevProjects\SvenAdventure\tests\session-report.spec.js:20:74)
        at cleanOpen (D:\DevProjects\SvenAdventure\tests\session-report.spec.js:13:3)
        at D:\DevProjects\SvenAdventure\tests\session-report.spec.js:224:5

    Error Context: test-results-session\session-report-Atlas-Sessi-8d91d--the-page-itself-scrollable-desktop-chromium\error-context.md

  8) [ipad-landscape] › tests\session-report.spec.js:43:3 › Atlas Session Report v0.1 › starts on adventure selection and ends on return to menu 

    Error: [2mexpect([22m[31mlocator[39m[2m).[22mtoBeVisible[2m([22m[2m)[22m failed

    Locator: getByRole('heading', { name: 'Kies een avontuur' })
    Expected: visible
    Timeout: 5000ms
    Error: element(s) not found

    Call log:
    [2m  - Expect "toBeVisible" with timeout 5000ms[22m
    [2m  - waiting for getByRole('heading', { name: 'Kies een avontuur' })[22m


      18 |     await page.getByRole("button", { name: "Start avontuur", exact: true }).click();
      19 |   }
    > 20 |   await expect(page.getByRole("heading", { name: "Kies een avontuur" })).toBeVisible();
         |                                                                          ^
      21 | }
      22 |
      23 | async function startHeroAdventure(page) {
        at enterMenu (D:\DevProjects\SvenAdventure\tests\session-report.spec.js:20:74)
        at cleanOpen (D:\DevProjects\SvenAdventure\tests\session-report.spec.js:13:3)
        at D:\DevProjects\SvenAdventure\tests\session-report.spec.js:44:5

    Error Context: test-results-session\session-report-Atlas-Sessi-38491--and-ends-on-return-to-menu-ipad-landscape\error-context.md

  9) [ipad-landscape] › tests\session-report.spec.js:63:3 › Atlas Session Report v0.1 › pauses active time after two minutes without activity 

    Error: [2mexpect([22m[31mlocator[39m[2m).[22mtoBeVisible[2m([22m[2m)[22m failed

    Locator: getByRole('heading', { name: 'Kies een avontuur' })
    Expected: visible
    Timeout: 5000ms
    Error: element(s) not found

    Call log:
    [2m  - Expect "toBeVisible" with timeout 5000ms[22m
    [2m  - waiting for getByRole('heading', { name: 'Kies een avontuur' })[22m


      18 |     await page.getByRole("button", { name: "Start avontuur", exact: true }).click();
      19 |   }
    > 20 |   await expect(page.getByRole("heading", { name: "Kies een avontuur" })).toBeVisible();
         |                                                                          ^
      21 | }
      22 |
      23 | async function startHeroAdventure(page) {
        at enterMenu (D:\DevProjects\SvenAdventure\tests\session-report.spec.js:20:74)
        at cleanOpen (D:\DevProjects\SvenAdventure\tests\session-report.spec.js:13:3)
        at D:\DevProjects\SvenAdventure\tests\session-report.spec.js:64:5

    Error Context: test-results-session\session-report-Atlas-Sessi-be8e6-wo-minutes-without-activity-ipad-landscape\error-context.md

  10) [ipad-landscape] › tests\session-report.spec.js:86:3 › Atlas Session Report v0.1 › maps tables, division, stories and clocks to the four report categories 

    Error: [2mexpect([22m[31mlocator[39m[2m).[22mtoBeVisible[2m([22m[2m)[22m failed

    Locator: getByRole('heading', { name: 'Kies een avontuur' })
    Expected: visible
    Timeout: 5000ms
    Error: element(s) not found

    Call log:
    [2m  - Expect "toBeVisible" with timeout 5000ms[22m
    [2m  - waiting for getByRole('heading', { name: 'Kies een avontuur' })[22m


      18 |     await page.getByRole("button", { name: "Start avontuur", exact: true }).click();
      19 |   }
    > 20 |   await expect(page.getByRole("heading", { name: "Kies een avontuur" })).toBeVisible();
         |                                                                          ^
      21 | }
      22 |
      23 | async function startHeroAdventure(page) {
        at enterMenu (D:\DevProjects\SvenAdventure\tests\session-report.spec.js:20:74)
        at cleanOpen (D:\DevProjects\SvenAdventure\tests\session-report.spec.js:13:3)
        at D:\DevProjects\SvenAdventure\tests\session-report.spec.js:87:5

    Error Context: test-results-session\session-report-Atlas-Sessi-42fbd--the-four-report-categories-ipad-landscape\error-context.md

  11) [ipad-landscape] › tests\session-report.spec.js:108:3 › Atlas Session Report v0.1 › records attempts, hints, assistance and response time from the learning flow 

    Error: [2mexpect([22m[31mlocator[39m[2m).[22mtoBeVisible[2m([22m[2m)[22m failed

    Locator: getByRole('heading', { name: 'Kies een avontuur' })
    Expected: visible
    Timeout: 5000ms
    Error: element(s) not found

    Call log:
    [2m  - Expect "toBeVisible" with timeout 5000ms[22m
    [2m  - waiting for getByRole('heading', { name: 'Kies een avontuur' })[22m


      18 |     await page.getByRole("button", { name: "Start avontuur", exact: true }).click();
      19 |   }
    > 20 |   await expect(page.getByRole("heading", { name: "Kies een avontuur" })).toBeVisible();
         |                                                                          ^
      21 | }
      22 |
      23 | async function startHeroAdventure(page) {
        at enterMenu (D:\DevProjects\SvenAdventure\tests\session-report.spec.js:20:74)
        at cleanOpen (D:\DevProjects\SvenAdventure\tests\session-report.spec.js:13:3)
        at D:\DevProjects\SvenAdventure\tests\session-report.spec.js:109:5

    Error Context: test-results-session\session-report-Atlas-Sessi-92054-time-from-the-learning-flow-ipad-landscape\error-context.md

  12) [ipad-landscape] › tests\session-report.spec.js:148:3 › Atlas Session Report v0.1 › keeps three unchecked sessions and never overwrites them 

    Error: [2mexpect([22m[31mlocator[39m[2m).[22mtoBeVisible[2m([22m[2m)[22m failed

    Locator: getByRole('heading', { name: 'Kies een avontuur' })
    Expected: visible
    Timeout: 5000ms
    Error: element(s) not found

    Call log:
    [2m  - Expect "toBeVisible" with timeout 5000ms[22m
    [2m  - waiting for getByRole('heading', { name: 'Kies een avontuur' })[22m


      18 |     await page.getByRole("button", { name: "Start avontuur", exact: true }).click();
      19 |   }
    > 20 |   await expect(page.getByRole("heading", { name: "Kies een avontuur" })).toBeVisible();
         |                                                                          ^
      21 | }
      22 |
      23 | async function startHeroAdventure(page) {
        at enterMenu (D:\DevProjects\SvenAdventure\tests\session-report.spec.js:20:74)
        at cleanOpen (D:\DevProjects\SvenAdventure\tests\session-report.spec.js:13:3)
        at D:\DevProjects\SvenAdventure\tests\session-report.spec.js:149:5

    Error Context: test-results-session\session-report-Atlas-Sessi-1e59b-s-and-never-overwrites-them-ipad-landscape\error-context.md

  13) [ipad-landscape] › tests\session-report.spec.js:160:3 › Atlas Session Report v0.1 › deletes only the confirmed session 

    Error: [2mexpect([22m[31mlocator[39m[2m).[22mtoBeVisible[2m([22m[2m)[22m failed

    Locator: getByRole('heading', { name: 'Kies een avontuur' })
    Expected: visible
    Timeout: 5000ms
    Error: element(s) not found

    Call log:
    [2m  - Expect "toBeVisible" with timeout 5000ms[22m
    [2m  - waiting for getByRole('heading', { name: 'Kies een avontuur' })[22m


      18 |     await page.getByRole("button", { name: "Start avontuur", exact: true }).click();
      19 |   }
    > 20 |   await expect(page.getByRole("heading", { name: "Kies een avontuur" })).toBeVisible();
         |                                                                          ^
      21 | }
      22 |
      23 | async function startHeroAdventure(page) {
        at enterMenu (D:\DevProjects\SvenAdventure\tests\session-report.spec.js:20:74)
        at cleanOpen (D:\DevProjects\SvenAdventure\tests\session-report.spec.js:13:3)
        at D:\DevProjects\SvenAdventure\tests\session-report.spec.js:161:5

    Error Context: test-results-session\session-report-Atlas-Sessi-55830--only-the-confirmed-session-ipad-landscape\error-context.md

  14) [ipad-landscape] › tests\session-report.spec.js:175:3 › Atlas Session Report v0.1 › does not collect in ordinary Playwright, editor, or debug completion 

    Error: [2mexpect([22m[31mlocator[39m[2m).[22mtoBeVisible[2m([22m[2m)[22m failed

    Locator: getByRole('heading', { name: 'Kies een avontuur' })
    Expected: visible
    Timeout: 5000ms
    Error: element(s) not found

    Call log:
    [2m  - Expect "toBeVisible" with timeout 5000ms[22m
    [2m  - waiting for getByRole('heading', { name: 'Kies een avontuur' })[22m


      18 |     await page.getByRole("button", { name: "Start avontuur", exact: true }).click();
      19 |   }
    > 20 |   await expect(page.getByRole("heading", { name: "Kies een avontuur" })).toBeVisible();
         |                                                                          ^
      21 | }
      22 |
      23 | async function startHeroAdventure(page) {
        at enterMenu (D:\DevProjects\SvenAdventure\tests\session-report.spec.js:20:74)
        at cleanOpen (D:\DevProjects\SvenAdventure\tests\session-report.spec.js:13:3)
        at D:\DevProjects\SvenAdventure\tests\session-report.spec.js:176:5

    Error Context: test-results-session\session-report-Atlas-Sessi-e3cf5--editor-or-debug-completion-ipad-landscape\error-context.md

  15) [ipad-landscape] › tests\session-report.spec.js:201:3 › Atlas Session Report v0.1 › lays out the menu control and progress report within the viewport 

    Error: [2mexpect([22m[31mlocator[39m[2m).[22mtoBeVisible[2m([22m[2m)[22m failed

    Locator: getByRole('heading', { name: 'Kies een avontuur' })
    Expected: visible
    Timeout: 5000ms
    Error: element(s) not found

    Call log:
    [2m  - Expect "toBeVisible" with timeout 5000ms[22m
    [2m  - waiting for getByRole('heading', { name: 'Kies een avontuur' })[22m


      18 |     await page.getByRole("button", { name: "Start avontuur", exact: true }).click();
      19 |   }
    > 20 |   await expect(page.getByRole("heading", { name: "Kies een avontuur" })).toBeVisible();
         |                                                                          ^
      21 | }
      22 |
      23 | async function startHeroAdventure(page) {
        at enterMenu (D:\DevProjects\SvenAdventure\tests\session-report.spec.js:20:74)
        at cleanOpen (D:\DevProjects\SvenAdventure\tests\session-report.spec.js:13:3)
        at D:\DevProjects\SvenAdventure\tests\session-report.spec.js:202:5

    Error Context: test-results-session\session-report-Atlas-Sessi-0a9bc--report-within-the-viewport-ipad-landscape\error-context.md

  16) [ipad-landscape] › tests\session-report.spec.js:223:3 › Atlas Session Report v0.1 › scrolls a long report to the real bottom without making the page itself scrollable 

    Error: [2mexpect([22m[31mlocator[39m[2m).[22mtoBeVisible[2m([22m[2m)[22m failed

    Locator: getByRole('heading', { name: 'Kies een avontuur' })
    Expected: visible
    Timeout: 5000ms
    Error: element(s) not found

    Call log:
    [2m  - Expect "toBeVisible" with timeout 5000ms[22m
    [2m  - waiting for getByRole('heading', { name: 'Kies een avontuur' })[22m


      18 |     await page.getByRole("button", { name: "Start avontuur", exact: true }).click();
      19 |   }
    > 20 |   await expect(page.getByRole("heading", { name: "Kies een avontuur" })).toBeVisible();
         |                                                                          ^
      21 | }
      22 |
      23 | async function startHeroAdventure(page) {
        at enterMenu (D:\DevProjects\SvenAdventure\tests\session-report.spec.js:20:74)
        at cleanOpen (D:\DevProjects\SvenAdventure\tests\session-report.spec.js:13:3)
        at D:\DevProjects\SvenAdventure\tests\session-report.spec.js:224:5

    Error Context: test-results-session\session-report-Atlas-Sessi-8d91d--the-page-itself-scrollable-ipad-landscape\error-context.md

  16 failed
    [desktop-chromium] › tests\session-report.spec.js:43:3 › Atlas Session Report v0.1 › starts on adventure selection and ends on return to menu 
    [desktop-chromium] › tests\session-report.spec.js:63:3 › Atlas Session Report v0.1 › pauses active time after two minutes without activity 
    [desktop-chromium] › tests\session-report.spec.js:108:3 › Atlas Session Report v0.1 › records attempts, hints, assistance and response time from the learning flow 
    [desktop-chromium] › tests\session-report.spec.js:160:3 › Atlas Session Report v0.1 › deletes only the confirmed session 
    [desktop-chromium] › tests\session-report.spec.js:175:3 › Atlas Session Report v0.1 › does not collect in ordinary Playwright, editor, or debug completion 
    [desktop-chromium] › tests\session-report.spec.js:201:3 › Atlas Session Report v0.1 › lays out the menu control and progress report within the viewport 
    [desktop-chromium] › tests\session-report.spec.js:223:3 › Atlas Session Report v0.1 › scrolls a long report to the real bottom without making the page itself scrollable 
    [ipad-landscape] › tests\session-report.spec.js:43:3 › Atlas Session Report v0.1 › starts on adventure selection and ends on return to menu 
    [ipad-landscape] › tests\session-report.spec.js:63:3 › Atlas Session Report v0.1 › pauses active time after two minutes without activity 
    [ipad-landscape] › tests\session-report.spec.js:86:3 › Atlas Session Report v0.1 › maps tables, division, stories and clocks to the four report categories 
    [ipad-landscape] › tests\session-report.spec.js:108:3 › Atlas Session Report v0.1 › records attempts, hints, assistance and response time from the learning flow 
    [ipad-landscape] › tests\session-report.spec.js:148:3 › Atlas Session Report v0.1 › keeps three unchecked sessions and never overwrites them 
    [ipad-landscape] › tests\session-report.spec.js:160:3 › Atlas Session Report v0.1 › deletes only the confirmed session 
    [ipad-landscape] › tests\session-report.spec.js:175:3 › Atlas Session Report v0.1 › does not collect in ordinary Playwright, editor, or debug completion 
    [ipad-landscape] › tests\session-report.spec.js:201:3 › Atlas Session Report v0.1 › lays out the menu control and progress report within the viewport 
    [ipad-landscape] › tests\session-report.spec.js:223:3 › Atlas Session Report v0.1 › scrolls a long report to the real bottom without making the page itself scrollable 
  2 passed (1.5m)
