
Running 18 tests using 1 worker

(node:13736) Warning: The 'NO_COLOR' env is ignored due to the 'FORCE_COLOR' env being set.
(Use `node --trace-warnings ...` to show where the warning was created)
(node:13736) Warning: The 'NO_COLOR' env is ignored due to the 'FORCE_COLOR' env being set.
(Use `node --trace-warnings ...` to show where the warning was created)
  ok  1 [desktop-chromium] › tests\session-report.spec.js:43:3 › Atlas Session Report v0.1 › starts on adventure selection and ends on return to menu (1.4s)
  ok  2 [desktop-chromium] › tests\session-report.spec.js:63:3 › Atlas Session Report v0.1 › pauses active time after two minutes without activity (5.5s)
  ok  3 [desktop-chromium] › tests\session-report.spec.js:86:3 › Atlas Session Report v0.1 › maps tables, division, stories and clocks to the four report categories (5.5s)
  ok  4 [desktop-chromium] › tests\session-report.spec.js:108:3 › Atlas Session Report v0.1 › records attempts, hints, assistance and response time from the learning flow (5.5s)
  ok  5 [desktop-chromium] › tests\session-report.spec.js:148:3 › Atlas Session Report v0.1 › keeps three unchecked sessions and never overwrites them (5.5s)
  ok  6 [desktop-chromium] › tests\session-report.spec.js:160:3 › Atlas Session Report v0.1 › deletes only the confirmed session (5.6s)
  ok  7 [desktop-chromium] › tests\session-report.spec.js:175:3 › Atlas Session Report v0.1 › does not collect in ordinary Playwright, editor, or debug completion (19.4s)
  ok  8 [desktop-chromium] › tests\session-report.spec.js:201:3 › Atlas Session Report v0.1 › lays out the menu control and progress report within the viewport (5.6s)
  ok  9 [desktop-chromium] › tests\session-report.spec.js:223:3 › Atlas Session Report v0.1 › scrolls a long report to the real bottom without making the page itself scrollable (5.6s)
(node:31032) Warning: The 'NO_COLOR' env is ignored due to the 'FORCE_COLOR' env being set.
(Use `node --trace-warnings ...` to show where the warning was created)
(node:31032) Warning: The 'NO_COLOR' env is ignored due to the 'FORCE_COLOR' env being set.
(Use `node --trace-warnings ...` to show where the warning was created)
  ok 10 [ipad-landscape] › tests\session-report.spec.js:43:3 › Atlas Session Report v0.1 › starts on adventure selection and ends on return to menu (11.6s)
  ok 11 [ipad-landscape] › tests\session-report.spec.js:63:3 › Atlas Session Report v0.1 › pauses active time after two minutes without activity (6.8s)
  ok 12 [ipad-landscape] › tests\session-report.spec.js:86:3 › Atlas Session Report v0.1 › maps tables, division, stories and clocks to the four report categories (6.7s)
  ok 13 [ipad-landscape] › tests\session-report.spec.js:108:3 › Atlas Session Report v0.1 › records attempts, hints, assistance and response time from the learning flow (6.7s)
  ok 14 [ipad-landscape] › tests\session-report.spec.js:148:3 › Atlas Session Report v0.1 › keeps three unchecked sessions and never overwrites them (6.7s)
  ok 15 [ipad-landscape] › tests\session-report.spec.js:160:3 › Atlas Session Report v0.1 › deletes only the confirmed session (11.3s)
  x  16 [ipad-landscape] › tests\session-report.spec.js:175:3 › Atlas Session Report v0.1 › does not collect in ordinary Playwright, editor, or debug completion (30.0s)
(node:43800) Warning: The 'NO_COLOR' env is ignored due to the 'FORCE_COLOR' env being set.
(Use `node --trace-warnings ...` to show where the warning was created)
(node:43800) Warning: The 'NO_COLOR' env is ignored due to the 'FORCE_COLOR' env being set.
(Use `node --trace-warnings ...` to show where the warning was created)
  ok 17 [ipad-landscape] › tests\session-report.spec.js:201:3 › Atlas Session Report v0.1 › lays out the menu control and progress report within the viewport (10.4s)
  ok 18 [ipad-landscape] › tests\session-report.spec.js:223:3 › Atlas Session Report v0.1 › scrolls a long report to the real bottom without making the page itself scrollable (10.7s)


  1) [ipad-landscape] › tests\session-report.spec.js:175:3 › Atlas Session Report v0.1 › does not collect in ordinary Playwright, editor, or debug completion 

    [31mTest timeout of 30000ms exceeded.[39m

    Error: locator.click: Test timeout of 30000ms exceeded.
    Call log:
    [2m  - waiting for locator('[data-menu-tile="LVL-0001"]')[22m
    [2m    - locator resolved to <button type="button" aria-pressed="false" data-level="LVL-0001" data-menu-tile="LVL-0001" class="levelTile supportingLevelTile">…</button>[22m
    [2m  - attempting click action[22m
    [2m    - waiting for element to be visible, enabled and stable[22m


      22 |
      23 | async function startHeroAdventure(page) {
    > 24 |   await page.locator('[data-menu-tile="LVL-0001"]').click();
         |                                                     ^
      25 | }
      26 |
      27 | async function createSyntheticSession(page, start, title = "De Runenpoort") {
        at startHeroAdventure (D:\DevProjects\SvenAdventure\tests\session-report.spec.js:24:53)
        at D:\DevProjects\SvenAdventure\tests\session-report.spec.js:190:11

    Error Context: test-results-session\session-report-Atlas-Sessi-e3cf5--editor-or-debug-completion-ipad-landscape\error-context.md

  1 failed
    [ipad-landscape] › tests\session-report.spec.js:175:3 › Atlas Session Report v0.1 › does not collect in ordinary Playwright, editor, or debug completion 
  17 passed (2.7m)
