
Running 24 tests using 1 worker

(node:44924) Warning: The 'NO_COLOR' env is ignored due to the 'FORCE_COLOR' env being set.
(Use `node --trace-warnings ...` to show where the warning was created)
(node:44924) Warning: The 'NO_COLOR' env is ignored due to the 'FORCE_COLOR' env being set.
(Use `node --trace-warnings ...` to show where the warning was created)
  ok  1 [desktop-chromium] › tests\arc-challenge-progress.spec.js:17:56 › held completion shortcut cannot complete the level after LVL-0032 (2.0s)
  ok  2 [desktop-chromium] › tests\arc-challenge-progress.spec.js:17:56 › held completion shortcut cannot complete the level after LVL-0033 (7.3s)
  ok  3 [desktop-chromium] › tests\arc-challenge-progress.spec.js:17:56 › held completion shortcut cannot complete the level after LVL-0034 (7.1s)
  ok  4 [desktop-chromium] › tests\arc-challenge-progress.spec.js:47:53 › ARC progress isolation: fresh (6.2s)
  ok  5 [desktop-chromium] › tests\arc-challenge-progress.spec.js:47:53 › ARC progress isolation: normal (13.4s)
  ok  6 [desktop-chromium] › tests\arc-challenge-progress.spec.js:47:53 › ARC progress isolation: shortcut (8.7s)
  x   7 [desktop-chromium] › tests\arc-challenge-progress.spec.js:79:1 › Riven Tides resets partial runs while earned completion remains durable (30.0s)
(node:43564) Warning: The 'NO_COLOR' env is ignored due to the 'FORCE_COLOR' env being set.
(Use `node --trace-warnings ...` to show where the warning was created)
(node:43564) Warning: The 'NO_COLOR' env is ignored due to the 'FORCE_COLOR' env being set.
(Use `node --trace-warnings ...` to show where the warning was created)
  ok  8 [desktop-chromium] › tests\fresh-level-run.spec.js:45:1 › earned terminal reward can replay twice with fresh usable run state and durable completion (10.6s)
  ok  9 [desktop-chromium] › tests\fresh-level-run.spec.js:69:1 › partial reload and menu re-entry reset the run without erasing learning history (16.1s)
  ok 10 [desktop-chromium] › tests\fresh-level-run.spec.js:83:1 › legacy partial saves are ignored without deleting durable completion fields (12.1s)
  ok 11 [desktop-chromium] › tests\replay-run.spec.js:30:1 › full earned ARC sequence returns to a fresh Dam replay without losing history (41.4s)
  ok 12 [desktop-chromium] › tests\replay-run.spec.js:82:1 › legacy completion and ordinary cooldown survive while unfinished runs reset (22.4s)
(node:42464) Warning: The 'NO_COLOR' env is ignored due to the 'FORCE_COLOR' env being set.
(Use `node --trace-warnings ...` to show where the warning was created)
(node:42464) Warning: The 'NO_COLOR' env is ignored due to the 'FORCE_COLOR' env being set.
(Use `node --trace-warnings ...` to show where the warning was created)
  ok 13 [ipad-landscape] › tests\arc-challenge-progress.spec.js:17:56 › held completion shortcut cannot complete the level after LVL-0032 (8.5s)
  ok 14 [ipad-landscape] › tests\arc-challenge-progress.spec.js:17:56 › held completion shortcut cannot complete the level after LVL-0033 (8.4s)
  ok 15 [ipad-landscape] › tests\arc-challenge-progress.spec.js:17:56 › held completion shortcut cannot complete the level after LVL-0034 (8.5s)
  ok 16 [ipad-landscape] › tests\arc-challenge-progress.spec.js:47:53 › ARC progress isolation: fresh (7.5s)
  ok 17 [ipad-landscape] › tests\arc-challenge-progress.spec.js:47:53 › ARC progress isolation: normal (1.3m)
  ok 18 [ipad-landscape] › tests\arc-challenge-progress.spec.js:47:53 › ARC progress isolation: shortcut (10.2s)
  x  19 [ipad-landscape] › tests\arc-challenge-progress.spec.js:79:1 › Riven Tides resets partial runs while earned completion remains durable (30.0s)
(node:17720) Warning: The 'NO_COLOR' env is ignored due to the 'FORCE_COLOR' env being set.
(Use `node --trace-warnings ...` to show where the warning was created)
(node:17720) Warning: The 'NO_COLOR' env is ignored due to the 'FORCE_COLOR' env being set.
(Use `node --trace-warnings ...` to show where the warning was created)
  ok 20 [ipad-landscape] › tests\fresh-level-run.spec.js:45:1 › earned terminal reward can replay twice with fresh usable run state and durable completion (1.1m)
  ok 21 [ipad-landscape] › tests\fresh-level-run.spec.js:69:1 › partial reload and menu re-entry reset the run without erasing learning history (57.9s)
  ok 22 [ipad-landscape] › tests\fresh-level-run.spec.js:83:1 › legacy partial saves are ignored without deleting durable completion fields (14.9s)
  x  23 [ipad-landscape] › tests\replay-run.spec.js:30:1 › full earned ARC sequence returns to a fresh Dam replay without losing history (3.0m)
(node:9408) Warning: The 'NO_COLOR' env is ignored due to the 'FORCE_COLOR' env being set.
(Use `node --trace-warnings ...` to show where the warning was created)
(node:9408) Warning: The 'NO_COLOR' env is ignored due to the 'FORCE_COLOR' env being set.
(Use `node --trace-warnings ...` to show where the warning was created)
  x  24 [ipad-landscape] › tests\replay-run.spec.js:82:1 › legacy completion and ordinary cooldown survive while unfinished runs reset (30.0s)


  1) [desktop-chromium] › tests\arc-challenge-progress.spec.js:79:1 › Riven Tides resets partial runs while earned completion remains durable 

    [31mTest timeout of 30000ms exceeded.[39m

    Error: locator.click: Test timeout of 30000ms exceeded.
    Call log:
    [2m  - waiting for getByRole('button', { name: 'Start avontuur', exact: true })[22m


       5 |   await page.route('**/__dev/levels/*/editor-draft',r=>r.fulfill({json:{}}));
       6 |   await page.goto(base+'/?atlasSessionTest=1');
    >  7 |   await page.getByRole('button',{name:'Start avontuur',exact:true}).click();
         |                                                                     ^
       8 |   await expect(page.locator('.menuScreen')).toBeVisible();
       9 | }
      10 | async function enter(page,id){await page.evaluate(id=>window.eval('selectLevel')(id,{startImmediately:true}),id);}
        at boot (D:\DevProjects\SvenAdventure\tests\arc-challenge-progress.spec.js:7:69)
        at D:\DevProjects\SvenAdventure\tests\arc-challenge-progress.spec.js:95:3

    Error Context: test-results\arc-challenge-progress-Riv-a9aec--completion-remains-durable-desktop-chromium\error-context.md

  2) [ipad-landscape] › tests\arc-challenge-progress.spec.js:79:1 › Riven Tides resets partial runs while earned completion remains durable 

    [31mTest timeout of 30000ms exceeded.[39m

    Error: locator.click: Test timeout of 30000ms exceeded.
    Call log:
    [2m  - waiting for getByRole('button', { name: 'Controleer', exact: true })[22m
    [2m    - locator resolved to <button type="submit" class="primaryButton">Controleer</button>[22m
    [2m  - attempting click action[22m
    [2m    - waiting for element to be visible, enabled and stable[22m


      40 |   for(let i=0;i<4;i++){
      41 |     const q=await page.evaluate(()=>window.eval('currentChallengeQuestions')()[window.eval('state.questionIndex')]);
    > 42 |     if(q.answerMode==='open'){await page.locator('[data-open-answer]').fill(String(q.answer));await page.getByRole('button',{name:'Controleer',exact:true}).click();}
         |                                                                                                                                                             ^
      43 |     else await page.locator(`[data-choice="${q.answer}"]`).click();
      44 |     await page.locator('[data-action="next-question"]').click();
      45 |   }
        at solve (D:\DevProjects\SvenAdventure\tests\arc-challenge-progress.spec.js:42:157)
        at D:\DevProjects\SvenAdventure\tests\arc-challenge-progress.spec.js:83:5

    Error Context: test-results\arc-challenge-progress-Riv-a9aec--completion-remains-durable-ipad-landscape\error-context.md

  3) [ipad-landscape] › tests\replay-run.spec.js:30:1 › full earned ARC sequence returns to a fresh Dam replay without losing history 

    [31mTest timeout of 180000ms exceeded.[39m

    Error: locator.click: Test timeout of 180000ms exceeded.
    Call log:
    [2m  - waiting for locator('[data-choice="54"]')[22m
    [2m    - locator resolved to <button type="button" data-choice="54" class="answerStone">54</button>[22m
    [2m  - attempting click action[22m
    [2m    - waiting for element to be visible, enabled and stable[22m


      20 |   const q=await page.evaluate(()=>window.eval('currentChallengeQuestions')()[window.eval('state.questionIndex')]);
      21 |   if(q.answerMode==='open'){await page.locator('[data-open-answer]').fill(String(q.answer));await page.getByRole('button',{name:'Controleer',exact:true}).click();}
    > 22 |   else await page.locator(`[data-choice="${q.answer}"]`).click();
         |                                                          ^
      23 |   await page.locator('[data-action="next-question"]').click();
      24 |  }
      25 | }
        at solve (D:\DevProjects\SvenAdventure\tests\replay-run.spec.js:22:58)
        at D:\DevProjects\SvenAdventure\tests\replay-run.spec.js:69:2

    Error Context: test-results\replay-run-full-earned-ARC-5d082-play-without-losing-history-ipad-landscape\error-context.md

  4) [ipad-landscape] › tests\replay-run.spec.js:82:1 › legacy completion and ordinary cooldown survive while unfinished runs reset 

    [31mTest timeout of 30000ms exceeded.[39m

    Error: locator.click: Test timeout of 30000ms exceeded.
    Call log:
    [2m  - waiting for getByRole('button', { name: 'Start avontuur', exact: true })[22m


      4 |  await page.route('**/__dev/levels/*/editor-draft',r=>r.fulfill({json:{}}));
      5 |  await page.goto(base+'/?atlasSessionTest=1');
    > 6 |  await page.getByRole('button',{name:'Start avontuur',exact:true}).click();
        |                                                                    ^
      7 |  await expect(page.locator('.menuScreen')).toBeVisible();
      8 |  await page.evaluate(()=>{const a=window.AtlasWorld,original=a.lockedLevelIds;a.lockedLevelIds=(ids,options)=>original(ids,{...options,bypass:false});});
      9 | }
        at boot (D:\DevProjects\SvenAdventure\tests\replay-run.spec.js:6:68)
        at D:\DevProjects\SvenAdventure\tests\replay-run.spec.js:109:2

    Error Context: test-results\replay-run-legacy-completi-94f60-while-unfinished-runs-reset-ipad-landscape\error-context.md

  4 failed
    [desktop-chromium] › tests\arc-challenge-progress.spec.js:79:1 › Riven Tides resets partial runs while earned completion remains durable 
    [ipad-landscape] › tests\arc-challenge-progress.spec.js:79:1 › Riven Tides resets partial runs while earned completion remains durable 
    [ipad-landscape] › tests\replay-run.spec.js:30:1 › full earned ARC sequence returns to a fresh Dam replay without losing history 
    [ipad-landscape] › tests\replay-run.spec.js:82:1 › legacy completion and ordinary cooldown survive while unfinished runs reset 
  20 passed (11.3m)
